Archive member included to satisfy reference by file (symbol)

d:/program files (x86)/stm32cubeide_1.3.0/stm32cubeide/plugins/com.st.stm32cube.ide.mcu.externaltools.gnu-tools-for-stm32.7-2018-q2-update.win32_1.0.0.201904181610/tools/bin/../lib/gcc/arm-none-eabi/7.3.1/../../../../arm-none-eabi/lib/thumb/v7e-m/fpv4-sp/hard\libc_nano.a(lib_a-errno.o)
                              Core/Src/syscalls.o (__errno)
d:/program files (x86)/stm32cubeide_1.3.0/stm32cubeide/plugins/com.st.stm32cube.ide.mcu.externaltools.gnu-tools-for-stm32.7-2018-q2-update.win32_1.0.0.201904181610/tools/bin/../lib/gcc/arm-none-eabi/7.3.1/../../../../arm-none-eabi/lib/thumb/v7e-m/fpv4-sp/hard\libc_nano.a(lib_a-exit.o)
                              d:/program files (x86)/stm32cubeide_1.3.0/stm32cubeide/plugins/com.st.stm32cube.ide.mcu.externaltools.gnu-tools-for-stm32.7-2018-q2-update.win32_1.0.0.201904181610/tools/bin/../lib/gcc/arm-none-eabi/7.3.1/../../../../arm-none-eabi/lib/thumb/v7e-m/fpv4-sp/hard/crt0.o (exit)
d:/program files (x86)/stm32cubeide_1.3.0/stm32cubeide/plugins/com.st.stm32cube.ide.mcu.externaltools.gnu-tools-for-stm32.7-2018-q2-update.win32_1.0.0.201904181610/tools/bin/../lib/gcc/arm-none-eabi/7.3.1/../../../../arm-none-eabi/lib/thumb/v7e-m/fpv4-sp/hard\libc_nano.a(lib_a-impure.o)
                              d:/program files (x86)/stm32cubeide_1.3.0/stm32cubeide/plugins/com.st.stm32cube.ide.mcu.externaltools.gnu-tools-for-stm32.7-2018-q2-update.win32_1.0.0.201904181610/tools/bin/../lib/gcc/arm-none-eabi/7.3.1/../../../../arm-none-eabi/lib/thumb/v7e-m/fpv4-sp/hard\libc_nano.a(lib_a-exit.o) (_global_impure_ptr)
d:/program files (x86)/stm32cubeide_1.3.0/stm32cubeide/plugins/com.st.stm32cube.ide.mcu.externaltools.gnu-tools-for-stm32.7-2018-q2-update.win32_1.0.0.201904181610/tools/bin/../lib/gcc/arm-none-eabi/7.3.1/../../../../arm-none-eabi/lib/thumb/v7e-m/fpv4-sp/hard\libc_nano.a(lib_a-init.o)
                              d:/program files (x86)/stm32cubeide_1.3.0/stm32cubeide/plugins/com.st.stm32cube.ide.mcu.externaltools.gnu-tools-for-stm32.7-2018-q2-update.win32_1.0.0.201904181610/tools/bin/../lib/gcc/arm-none-eabi/7.3.1/../../../../arm-none-eabi/lib/thumb/v7e-m/fpv4-sp/hard/crt0.o (__libc_init_array)
d:/program files (x86)/stm32cubeide_1.3.0/stm32cubeide/plugins/com.st.stm32cube.ide.mcu.externaltools.gnu-tools-for-stm32.7-2018-q2-update.win32_1.0.0.201904181610/tools/bin/../lib/gcc/arm-none-eabi/7.3.1/../../../../arm-none-eabi/lib/thumb/v7e-m/fpv4-sp/hard\libc_nano.a(lib_a-memmove.o)
                              Core/Src/ssd1306_tests.o (memmove)
d:/program files (x86)/stm32cubeide_1.3.0/stm32cubeide/plugins/com.st.stm32cube.ide.mcu.externaltools.gnu-tools-for-stm32.7-2018-q2-update.win32_1.0.0.201904181610/tools/bin/../lib/gcc/arm-none-eabi/7.3.1/../../../../arm-none-eabi/lib/thumb/v7e-m/fpv4-sp/hard\libc_nano.a(lib_a-memset.o)
                              d:/program files (x86)/stm32cubeide_1.3.0/stm32cubeide/plugins/com.st.stm32cube.ide.mcu.externaltools.gnu-tools-for-stm32.7-2018-q2-update.win32_1.0.0.201904181610/tools/bin/../lib/gcc/arm-none-eabi/7.3.1/../../../../arm-none-eabi/lib/thumb/v7e-m/fpv4-sp/hard/crt0.o (memset)
d:/program files (x86)/stm32cubeide_1.3.0/stm32cubeide/plugins/com.st.stm32cube.ide.mcu.externaltools.gnu-tools-for-stm32.7-2018-q2-update.win32_1.0.0.201904181610/tools/bin/../lib/gcc/arm-none-eabi/7.3.1/../../../../arm-none-eabi/lib/thumb/v7e-m/fpv4-sp/hard\libc_nano.a(lib_a-snprintf.o)
                              Core/Src/ssd1306_tests.o (snprintf)
d:/program files (x86)/stm32cubeide_1.3.0/stm32cubeide/plugins/com.st.stm32cube.ide.mcu.externaltools.gnu-tools-for-stm32.7-2018-q2-update.win32_1.0.0.201904181610/tools/bin/../lib/gcc/arm-none-eabi/7.3.1/../../../../arm-none-eabi/lib/thumb/v7e-m/fpv4-sp/hard\libc_nano.a(lib_a-nano-svfprintf.o)
                              d:/program files (x86)/stm32cubeide_1.3.0/stm32cubeide/plugins/com.st.stm32cube.ide.mcu.externaltools.gnu-tools-for-stm32.7-2018-q2-update.win32_1.0.0.201904181610/tools/bin/../lib/gcc/arm-none-eabi/7.3.1/../../../../arm-none-eabi/lib/thumb/v7e-m/fpv4-sp/hard\libc_nano.a(lib_a-snprintf.o) (_svfprintf_r)
d:/program files (x86)/stm32cubeide_1.3.0/stm32cubeide/plugins/com.st.stm32cube.ide.mcu.externaltools.gnu-tools-for-stm32.7-2018-q2-update.win32_1.0.0.201904181610/tools/bin/../lib/gcc/arm-none-eabi/7.3.1/../../../../arm-none-eabi/lib/thumb/v7e-m/fpv4-sp/hard\libc_nano.a(lib_a-nano-vfprintf_i.o)
                              d:/program files (x86)/stm32cubeide_1.3.0/stm32cubeide/plugins/com.st.stm32cube.ide.mcu.externaltools.gnu-tools-for-stm32.7-2018-q2-update.win32_1.0.0.201904181610/tools/bin/../lib/gcc/arm-none-eabi/7.3.1/../../../../arm-none-eabi/lib/thumb/v7e-m/fpv4-sp/hard\libc_nano.a(lib_a-nano-svfprintf.o) (_printf_i)
[...]
Memory Configuration

Name             Origin             Length             Attributes
RAM              0x0000000020000000 0x0000000000010000 xrw
FLASH            0x0000000008000000 0x0000000000040000 xr
*default*        0x0000000000000000 0xffffffffffffffff

Linker script and memory map

LOAD d:/program files (x86)/stm32cubeide_1.3.0/stm32cubeide/plugins/com.st.stm32cube.ide.mcu.externaltools.gnu-tools-for-stm32.7-2018-q2-update.win32_1.0.0.201904181610/tools/bin/../lib/gcc/arm-none-eabi/7.3.1/thumb/v7e-m/fpv4-sp/hard/crti.o
LOAD d:/program files (x86)/stm32cubeide_1.3.0/stm32cubeide/plugins/com.st.stm32cube.ide.mcu.externaltools.gnu-tools-for-stm32.7-2018-q2-update.win32_1.0.0.201904181610/tools/bin/../lib/gcc/arm-none-eabi/7.3.1/thumb/v7e-m/fpv4-sp/hard/crtbegin.o
LOAD d:/program files (x86)/stm32cubeide_1.3.0/stm32cubeide/plugins/com.st.stm32cube.ide.mcu.externaltools.gnu-tools-for-stm32.7-2018-q2-update.win32_1.0.0.201904181610/tools/bin/../lib/gcc/arm-none-eabi/7.3.1/../../../../arm-none-eabi/lib/thumb/v7e-m/fpv4-sp/hard/crt0.o
LOAD Core/Src/main.o
LOAD Core/Src/ssd1306.o
LOAD Core/Src/ssd1306_fonts.o
LOAD Core/Src/ssd1306_tests.o
LOAD Core/Src/stm32l4xx_hal_msp.o
LOAD Core/Src/stm32l4xx_it.o
LOAD Core/Src/syscalls.o
LOAD Core/Src/sysmem.o
LOAD Core/Src/system_stm32l4xx.o
LOAD Core/Startup/startup_stm32l432kcux.o
LOAD Drivers/STM32L4xx_HAL_Driver/Src/stm32l4xx_hal.o
LOAD Drivers/STM32L4xx_HAL_Driver/Src/stm32l4xx_hal_adc.o
LOAD Drivers/STM32L4xx_HAL_Driver/Src/stm32l4xx_hal_adc_ex.o
LOAD Drivers/STM32L4xx_HAL_Driver/Src/stm32l4xx_hal_cortex.o
LOAD Drivers/STM32L4xx_HAL_Driver/Src/stm32l4xx_hal_dma.o
LOAD Drivers/STM32L4xx_HAL_Driver/Src/stm32l4xx_hal_dma_ex.o
LOAD Drivers/STM32L4xx_HAL_Driver/Src/stm32l4xx_hal_exti.o
LOAD Drivers/STM32L4xx_HAL_Driver/Src/stm32l4xx_hal_flash.o
LOAD Drivers/STM32L4xx_HAL_Driver/Src/stm32l4xx_hal_flash_ex.o
LOAD Drivers/STM32L4xx_HAL_Driver/Src/stm32l4xx_hal_flash_ramfunc.o
LOAD Drivers/STM32L4xx_HAL_Driver/Src/stm32l4xx_hal_gpio.o
LOAD Drivers/STM32L4xx_HAL_Driver/Src/stm32l4xx_hal_i2c.o
LOAD Drivers/STM32L4xx_HAL_Driver/Src/stm32l4xx_hal_i2c_ex.o
LOAD Drivers/STM32L4xx_HAL_Driver/Src/stm32l4xx_hal_pwr.o
LOAD Drivers/STM32L4xx_HAL_Driver/Src/stm32l4xx_hal_pwr_ex.o
LOAD Drivers/STM32L4xx_HAL_Driver/Src/stm32l4xx_hal_rcc.o
LOAD Drivers/STM32L4xx_HAL_Driver/Src/stm32l4xx_hal_rcc_ex.o
LOAD Drivers/STM32L4xx_HAL_Driver/Src/stm32l4xx_hal_tim.o
LOAD Drivers/STM32L4xx_HAL_Driver/Src/stm32l4xx_hal_tim_ex.o
LOAD Drivers/STM32L4xx_HAL_Driver/Src/stm32l4xx_hal_uart.o
LOAD Drivers/STM32L4xx_HAL_Driver/Src/stm32l4xx_hal_uart_ex.o
START GROUP
LOAD d:/program files (x86)/stm32cubeide_1.3.0/stm32cubeide/plugins/com.st.stm32cube.ide.mcu.externaltools.gnu-tools-for-stm32.7-2018-q2-update.win32_1.0.0.201904181610/tools/bin/../lib/gcc/arm-none-eabi/7.3.1/../../../../arm-none-eabi/lib/thumb/v7e-m/fpv4-sp/hard\libc_nano.a
LOAD d:/program files (x86)/stm32cubeide_1.3.0/stm32cubeide/plugins/com.st.stm32cube.ide.mcu.externaltools.gnu-tools-for-stm32.7-2018-q2-update.win32_1.0.0.201904181610/tools/bin/../lib/gcc/arm-none-eabi/7.3.1/../../../../arm-none-eabi/lib/thumb/v7e-m/fpv4-sp/hard\libm.a
END GROUP
START GROUP
LOAD d:/program files (x86)/stm32cubeide_1.3.0/stm32cubeide/plugins/com.st.stm32cube.ide.mcu.externaltools.gnu-tools-for-stm32.7-2018-q2-update.win32_1.0.0.201904181610/tools/bin/../lib/gcc/arm-none-eabi/7.3.1/thumb/v7e-m/fpv4-sp/hard\libgcc.a
LOAD d:/program files (x86)/stm32cubeide_1.3.0/stm32cubeide/plugins/com.st.stm32cube.ide.mcu.externaltools.gnu-tools-for-stm32.7-2018-q2-update.win32_1.0.0.201904181610/tools/bin/../lib/gcc/arm-none-eabi/7.3.1/../../../../arm-none-eabi/lib/thumb/v7e-m/fpv4-sp/hard\libc_nano.a
END GROUP
START GROUP
LOAD d:/program files (x86)/stm32cubeide_1.3.0/stm32cubeide/plugins/com.st.stm32cube.ide.mcu.externaltools.gnu-tools-for-stm32.7-2018-q2-update.win32_1.0.0.201904181610/tools/bin/../lib/gcc/arm-none-eabi/7.3.1/thumb/v7e-m/fpv4-sp/hard\libgcc.a
LOAD d:/program files (x86)/stm32cubeide_1.3.0/stm32cubeide/plugins/com.st.stm32cube.ide.mcu.externaltools.gnu-tools-for-stm32.7-2018-q2-update.win32_1.0.0.201904181610/tools/bin/../lib/gcc/arm-none-eabi/7.3.1/../../../../arm-none-eabi/lib/thumb/v7e-m/fpv4-sp/hard\libc_nano.a
LOAD d:/program files (x86)/stm32cubeide_1.3.0/stm32cubeide/plugins/com.st.stm32cube.ide.mcu.externaltools.gnu-tools-for-stm32.7-2018-q2-update.win32_1.0.0.201904181610/tools/bin/../lib/gcc/arm-none-eabi/7.3.1/../../../../arm-none-eabi/lib/thumb/v7e-m/fpv4-sp/hard\libnosys.a
END GROUP
START GROUP
LOAD d:/program files (x86)/stm32cubeide_1.3.0/stm32cubeide/plugins/com.st.stm32cube.ide.mcu.externaltools.gnu-tools-for-stm32.7-2018-q2-update.win32_1.0.0.201904181610/tools/bin/../lib/gcc/arm-none-eabi/7.3.1/thumb/v7e-m/fpv4-sp/hard\libgcc.a
LOAD d:/program files (x86)/stm32cubeide_1.3.0/stm32cubeide/plugins/com.st.stm32cube.ide.mcu.externaltools.gnu-tools-for-stm32.7-2018-q2-update.win32_1.0.0.201904181610/tools/bin/../lib/gcc/arm-none-eabi/7.3.1/../../../../arm-none-eabi/lib/thumb/v7e-m/fpv4-sp/hard\libc_nano.a
LOAD d:/program files (x86)/stm32cubeide_1.3.0/stm32cubeide/plugins/com.st.stm32cube.ide.mcu.externaltools.gnu-tools-for-stm32.7-2018-q2-update.win32_1.0.0.201904181610/tools/bin/../lib/gcc/arm-none-eabi/7.3.1/../../../../arm-none-eabi/lib/thumb/v7e-m/fpv4-sp/hard\libnosys.a
END GROUP
LOAD d:/program files (x86)/stm32cubeide_1.3.0/stm32cubeide/plugins/com.st.stm32cube.ide.mcu.externaltools.gnu-tools-for-stm32.7-2018-q2-update.win32_1.0.0.201904181610/tools/bin/../lib/gcc/arm-none-eabi/7.3.1/thumb/v7e-m/fpv4-sp/hard/crtend.o
LOAD d:/program files (x86)/stm32cubeide_1.3.0/stm32cubeide/plugins/com.st.stm32cube.ide.mcu.externaltools.gnu-tools-for-stm32.7-2018-q2-update.win32_1.0.0.201904181610/tools/bin/../lib/gcc/arm-none-eabi/7.3.1/thumb/v7e-m/fpv4-sp/hard/crtn.o
                0x0000000020010000                _estack = (ORIGIN (RAM) + LENGTH (RAM))
                0x0000000000000200                _Min_Heap_Size = 0x200
                0x0000000000000400                _Min_Stack_Size = 0x400

.isr_vector     0x0000000008000000      0x18c
                0x0000000008000000                . = ALIGN (0x4)
 *(.isr_vector)
 .isr_vector    0x0000000008000000      0x18c Core/Startup/startup_stm32l432kcux.o
                0x0000000008000000                g_pfnVectors
                0x000000000800018c                . = ALIGN (0x4)

.text           0x000000000800018c     0x3e38
                0x000000000800018c                . = ALIGN (0x4)
 *(.text)
 .text          0x000000000800018c       0x40 d:/program files (x86)/stm32cubeide_1.3.0/stm32cubeide/plugins/com.st.stm32cube.ide.mcu.externaltools.gnu-tools-for-stm32.7-2018-q2-update.win32_1.0.0.201904181610/tools/bin/../lib/gcc/arm-none-eabi/7.3.1/thumb/v7e-m/fpv4-sp/hard/crtbegin.o
 .text          0x00000000080001cc       0x30 d:/program files (x86)/stm32cubeide_1.3.0/stm32cubeide/plugins/com.st.stm32cube.ide.mcu.externaltools.gnu-tools-for-stm32.7-2018-q2-update.win32_1.0.0.201904181610/tools/bin/../lib/gcc/arm-none-eabi/7.3.1/thumb/v7e-m/fpv4-sp/hard\libgcc.a(_aeabi_uldivmod.o)
                0x00000000080001cc                __aeabi_uldivmod
 .text          0x00000000080001fc      0x2cc d:/program files (x86)/stm32cubeide_1.3.0/stm32cubeide/plugins/com.st.stm32cube.ide.mcu.externaltools.gnu-tools-for-stm32.7-2018-q2-update.win32_1.0.0.201904181610/tools/bin/../lib/gcc/arm-none-eabi/7.3.1/thumb/v7e-m/fpv4-sp/hard\libgcc.a(_udivmoddi4.o)
                0x00000000080001fc                __udivmoddi4
 .text          0x00000000080004c8        0x4 d:/program files (x86)/stm32cubeide_1.3.0/stm32cubeide/plugins/com.st.stm32cube.ide.mcu.externaltools.gnu-tools-for-stm32.7-2018-q2-update.win32_1.0.0.201904181610/tools/bin/../lib/gcc/arm-none-eabi/7.3.1/thumb/v7e-m/fpv4-sp/hard\libgcc.a(_dvmd_tls.o)
                0x00000000080004c8                __aeabi_idiv0
                0x00000000080004c8                __aeabi_ldiv0
 *(.text*)
 .text.main     0x00000000080004cc       0x8c Core/Src/main.o
                0x00000000080004cc                main
 .text.SystemClock_Config
                0x0000000008000558      0x12c Core/Src/main.o
                0x0000000008000558                SystemClock_Config
 .text.MX_ADC1_Init
                0x0000000008000684       0xc8 Core/Src/main.o
 .text.MX_I2C1_Init
                0x000000000800074c       0x80 Core/Src/main.o
 .text.MX_USART2_UART_Init
                0x00000000080007cc       0x60 Core/Src/main.o
 .text.MX_GPIO_Init
                0x000000000800082c       0x94 Core/Src/main.o
 .text.checkline
                0x00000000080008c0       0x88 Core/Src/main.o
                0x00000000080008c0                checkline
 .text.checkdead
                0x0000000008000948       0x46 Core/Src/main.o
                0x0000000008000948                checkdead
 .text.placeblock
                0x000000000800098e      0x1e8 Core/Src/main.o
                0x000000000800098e                placeblock
 .text.FillArr  0x0000000008000b76       0x60 Core/Src/main.o
                0x0000000008000b76                FillArr
 .text.newblock
                0x0000000008000bd6       0xaa Core/Src/main.o
                0x0000000008000bd6                newblock
 .text.Error_Handler
                0x0000000008000c80        0xe Core/Src/main.o
                0x0000000008000c80                Error_Handler
 *fill*         0x0000000008000c8e        0x2 
 .text.HAL_MspInit
                0x0000000008000c90       0x48 Core/Src/stm32l4xx_hal_msp.o
                0x0000000008000c90                HAL_MspInit
 .text.HAL_ADC_MspInit
                0x0000000008000cd8       0x7c Core/Src/stm32l4xx_hal_msp.o
                0x0000000008000cd8                HAL_ADC_MspInit
 .text.HAL_I2C_MspInit
                0x0000000008000d54       0x88 Core/Src/stm32l4xx_hal_msp.o
                0x0000000008000d54                HAL_I2C_MspInit
 .text.HAL_UART_MspInit
                0x0000000008000ddc       0xa8 Core/Src/stm32l4xx_hal_msp.o
                0x0000000008000ddc                HAL_UART_MspInit
 .text.NMI_Handler
                0x0000000008000e84        0xe Core/Src/stm32l4xx_it.o
                0x0000000008000e84                NMI_Handler
 .text.HardFault_Handler
                0x0000000008000e92        0x6 Core/Src/stm32l4xx_it.o
                0x0000000008000e92                HardFault_Handler
 .text.MemManage_Handler
                0x0000000008000e98        0x6 Core/Src/stm32l4xx_it.o
                0x0000000008000e98                MemManage_Handler
 .text.BusFault_Handler
                0x0000000008000e9e        0x6 Core/Src/stm32l4xx_it.o
                0x0000000008000e9e                BusFault_Handler
 .text.UsageFault_Handler
                0x0000000008000ea4        0x6 Core/Src/stm32l4xx_it.o
                0x0000000008000ea4                UsageFault_Handler
 .text.SVC_Handler
                0x0000000008000eaa        0xe Core/Src/stm32l4xx_it.o
                0x0000000008000eaa                SVC_Handler
 .text.DebugMon_Handler
                0x0000000008000eb8        0xe Core/Src/stm32l4xx_it.o
                0x0000000008000eb8                DebugMon_Handler
 .text.PendSV_Handler
                0x0000000008000ec6        0xe Core/Src/stm32l4xx_it.o
                0x0000000008000ec6                PendSV_Handler
 .text.SysTick_Handler
                0x0000000008000ed4        0xc Core/Src/stm32l4xx_it.o
                0x0000000008000ed4                SysTick_Handler
 .text.SystemInit
                0x0000000008000ee0       0x6c Core/Src/system_stm32l4xx.o
                0x0000000008000ee0                SystemInit
 .text.Reset_Handler
                0x0000000008000f4c       0x50 Core/Startup/startup_stm32l432kcux.o
                0x0000000008000f4c                Reset_Handler
 .text.Default_Handler
                0x0000000008000f9c        0x2 Core/Startup/startup_stm32l432kcux.o
                0x0000000008000f9c                RTC_Alarm_IRQHandler
                0x0000000008000f9c                EXTI2_IRQHandler
                0x0000000008000f9c                TIM1_CC_IRQHandler
                0x0000000008000f9c                TSC_IRQHandler
                0x0000000008000f9c                TAMP_STAMP_IRQHandler
                0x0000000008000f9c                EXTI3_IRQHandler
                0x0000000008000f9c                LPTIM2_IRQHandler
                0x0000000008000f9c                I2C3_ER_IRQHandler
                0x0000000008000f9c                EXTI0_IRQHandler
                0x0000000008000f9c                CAN1_RX0_IRQHandler
                0x0000000008000f9c                FPU_IRQHandler
                0x0000000008000f9c                TIM1_UP_TIM16_IRQHandler
                0x0000000008000f9c                SPI1_IRQHandler
                0x0000000008000f9c                TIM6_DAC_IRQHandler
                0x0000000008000f9c                DMA2_Channel2_IRQHandler
                0x0000000008000f9c                DMA1_Channel4_IRQHandler
                0x0000000008000f9c                ADC1_IRQHandler
                0x0000000008000f9c                DMA1_Channel7_IRQHandler
                0x0000000008000f9c                CAN1_RX1_IRQHandler
                0x0000000008000f9c                DMA2_Channel1_IRQHandler
                0x0000000008000f9c                QUADSPI_IRQHandler
                0x0000000008000f9c                I2C1_EV_IRQHandler
                0x0000000008000f9c                DMA1_Channel6_IRQHandler
                0x0000000008000f9c                DMA2_Channel4_IRQHandler
                0x0000000008000f9c                RCC_IRQHandler
                0x0000000008000f9c                TIM1_TRG_COM_IRQHandler
                0x0000000008000f9c                DMA1_Channel1_IRQHandler
                0x0000000008000f9c                Default_Handler
                0x0000000008000f9c                DMA2_Channel7_IRQHandler
                0x0000000008000f9c                EXTI15_10_IRQHandler
                0x0000000008000f9c                TIM7_IRQHandler
                0x0000000008000f9c                I2C3_EV_IRQHandler
                0x0000000008000f9c                USB_IRQHandler
                0x0000000008000f9c                EXTI9_5_IRQHandler
                0x0000000008000f9c                RTC_WKUP_IRQHandler
                0x0000000008000f9c                PVD_PVM_IRQHandler
                0x0000000008000f9c                CAN1_TX_IRQHandler
                0x0000000008000f9c                DMA2_Channel5_IRQHandler
                0x0000000008000f9c                CRS_IRQHandler
                0x0000000008000f9c                DMA1_Channel5_IRQHandler
                0x0000000008000f9c                EXTI4_IRQHandler
                0x0000000008000f9c                RNG_IRQHandler
                0x0000000008000f9c                DMA1_Channel3_IRQHandler
                0x0000000008000f9c                COMP_IRQHandler
                0x0000000008000f9c                WWDG_IRQHandler
                0x0000000008000f9c                LPUART1_IRQHandler
                0x0000000008000f9c                DMA2_Channel6_IRQHandler
                0x0000000008000f9c                TIM2_IRQHandler
                0x0000000008000f9c                EXTI1_IRQHandler
                0x0000000008000f9c                USART2_IRQHandler
                0x0000000008000f9c                DMA1_Channel2_IRQHandler
                0x0000000008000f9c                CAN1_SCE_IRQHandler
                0x0000000008000f9c                FLASH_IRQHandler
                0x0000000008000f9c                USART1_IRQHandler
                0x0000000008000f9c                SPI3_IRQHandler
                0x0000000008000f9c                I2C1_ER_IRQHandler
                0x0000000008000f9c                SWPMI1_IRQHandler
                0x0000000008000f9c                LPTIM1_IRQHandler
                0x0000000008000f9c                SAI1_IRQHandler
                0x0000000008000f9c                DMA2_Channel3_IRQHandler
                0x0000000008000f9c                TIM1_BRK_TIM15_IRQHandler
 .text.HAL_Init
                0x0000000008000f9e       0x30 Drivers/STM32L4xx_HAL_Driver/Src/stm32l4xx_hal.o
                0x0000000008000f9e                HAL_Init
 *fill*         0x0000000008000fce        0x2 
 .text.HAL_InitTick
                0x0000000008000fd0       0x74 Drivers/STM32L4xx_HAL_Driver/Src/stm32l4xx_hal.o
                0x0000000008000fd0                HAL_InitTick
 .text.HAL_IncTick
                0x0000000008001044       0x24 Drivers/STM32L4xx_HAL_Driver/Src/stm32l4xx_hal.o
                0x0000000008001044                HAL_IncTick
 .text.HAL_GetTick
                0x0000000008001068       0x18 Drivers/STM32L4xx_HAL_Driver/Src/stm32l4xx_hal.o
                0x0000000008001068                HAL_GetTick
 .text.HAL_Delay
                0x0000000008001080       0x44 Drivers/STM32L4xx_HAL_Driver/Src/stm32l4xx_hal.o
                0x0000000008001080                HAL_Delay
 .text.LL_ADC_SetCommonClock
                0x00000000080010c4       0x26 Drivers/STM32L4xx_HAL_Driver/Src/stm32l4xx_hal_adc.o
 .text.LL_ADC_SetCommonPathInternalCh
                0x00000000080010ea       0x26 Drivers/STM32L4xx_HAL_Driver/Src/stm32l4xx_hal_adc.o
 .text.LL_ADC_GetCommonPathInternalCh
                0x0000000008001110       0x1c Drivers/STM32L4xx_HAL_Driver/Src/stm32l4xx_hal_adc.o
 .text.LL_ADC_SetOffset
                0x000000000800112c       0x44 Drivers/STM32L4xx_HAL_Driver/Src/stm32l4xx_hal_adc.o
 .text.LL_ADC_GetOffsetChannel
                0x0000000008001170       0x28 Drivers/STM32L4xx_HAL_Driver/Src/stm32l4xx_hal_adc.o
 .text.LL_ADC_SetOffsetState
                0x0000000008001198       0x30 Drivers/STM32L4xx_HAL_Driver/Src/stm32l4xx_hal_adc.o
 .text.LL_ADC_REG_SetSequencerRanks
                0x00000000080011c8       0x52 Drivers/STM32L4xx_HAL_Driver/Src/stm32l4xx_hal_adc.o
 .text.LL_ADC_SetChannelSamplingTime
                0x000000000800121a       0x50 Drivers/STM32L4xx_HAL_Driver/Src/stm32l4xx_hal_adc.o
 *fill*         0x000000000800126a        0x2 
 .text.LL_ADC_SetChannelSingleDiff
                0x000000000800126c       0x48 Drivers/STM32L4xx_HAL_Driver/Src/stm32l4xx_hal_adc.o
 .text.LL_ADC_DisableDeepPowerDown
                0x00000000080012b4       0x24 Drivers/STM32L4xx_HAL_Driver/Src/stm32l4xx_hal_adc.o
 .text.LL_ADC_IsDeepPowerDownEnabled
                0x00000000080012d8       0x28 Drivers/STM32L4xx_HAL_Driver/Src/stm32l4xx_hal_adc.o
 .text.LL_ADC_EnableInternalRegulator
                0x0000000008001300       0x28 Drivers/STM32L4xx_HAL_Driver/Src/stm32l4xx_hal_adc.o
 .text.LL_ADC_IsInternalRegulatorEnabled
                0x0000000008001328       0x28 Drivers/STM32L4xx_HAL_Driver/Src/stm32l4xx_hal_adc.o
 .text.LL_ADC_IsEnabled
                0x0000000008001350       0x26 Drivers/STM32L4xx_HAL_Driver/Src/stm32l4xx_hal_adc.o
 .text.LL_ADC_REG_IsConversionOngoing
                0x0000000008001376       0x26 Drivers/STM32L4xx_HAL_Driver/Src/stm32l4xx_hal_adc.o
 .text.LL_ADC_INJ_IsConversionOngoing
                0x000000000800139c       0x26 Drivers/STM32L4xx_HAL_Driver/Src/stm32l4xx_hal_adc.o
 *fill*         0x00000000080013c2        0x2 
 .text.HAL_ADC_Init
                0x00000000080013c4      0x28c Drivers/STM32L4xx_HAL_Driver/Src/stm32l4xx_hal_adc.o
                0x00000000080013c4                HAL_ADC_Init
 .text.HAL_ADC_ConfigChannel
                0x0000000008001650      0x6a8 Drivers/STM32L4xx_HAL_Driver/Src/stm32l4xx_hal_adc.o
                0x0000000008001650                HAL_ADC_ConfigChannel
 .text.__NVIC_SetPriorityGrouping
                0x0000000008001cf8       0x48 Drivers/STM32L4xx_HAL_Driver/Src/stm32l4xx_hal_cortex.o
 .text.__NVIC_GetPriorityGrouping
                0x0000000008001d40       0x1c Drivers/STM32L4xx_HAL_Driver/Src/stm32l4xx_hal_cortex.o
 .text.__NVIC_SetPriority
                0x0000000008001d5c       0x54 Drivers/STM32L4xx_HAL_Driver/Src/stm32l4xx_hal_cortex.o
 .text.NVIC_EncodePriority
                0x0000000008001db0       0x66 Drivers/STM32L4xx_HAL_Driver/Src/stm32l4xx_hal_cortex.o
 *fill*         0x0000000008001e16        0x2 
 .text.SysTick_Config
                0x0000000008001e18       0x44 Drivers/STM32L4xx_HAL_Driver/Src/stm32l4xx_hal_cortex.o
 .text.HAL_NVIC_SetPriorityGrouping
                0x0000000008001e5c       0x16 Drivers/STM32L4xx_HAL_Driver/Src/stm32l4xx_hal_cortex.o
                0x0000000008001e5c                HAL_NVIC_SetPriorityGrouping
 .text.HAL_NVIC_SetPriority
                0x0000000008001e72       0x38 Drivers/STM32L4xx_HAL_Driver/Src/stm32l4xx_hal_cortex.o
                0x0000000008001e72                HAL_NVIC_SetPriority
 .text.HAL_SYSTICK_Config
                0x0000000008001eaa       0x18 Drivers/STM32L4xx_HAL_Driver/Src/stm32l4xx_hal_cortex.o
                0x0000000008001eaa                HAL_SYSTICK_Config
 *fill*         0x0000000008001ec2        0x2 
 .text.HAL_GPIO_Init
                0x0000000008001ec4      0x2d4 Drivers/STM32L4xx_HAL_Driver/Src/stm32l4xx_hal_gpio.o
                0x0000000008001ec4                HAL_GPIO_Init
 .text.HAL_GPIO_WritePin
                0x0000000008002198       0x30 Drivers/STM32L4xx_HAL_Driver/Src/stm32l4xx_hal_gpio.o
                0x0000000008002198                HAL_GPIO_WritePin
 .text.HAL_I2C_Init
                0x00000000080021c8      0x11e Drivers/STM32L4xx_HAL_Driver/Src/stm32l4xx_hal_i2c.o
                0x00000000080021c8                HAL_I2C_Init
 .text.HAL_I2CEx_ConfigAnalogFilter
                0x00000000080022e6       0x96 Drivers/STM32L4xx_HAL_Driver/Src/stm32l4xx_hal_i2c_ex.o
                0x00000000080022e6                HAL_I2CEx_ConfigAnalogFilter
 .text.HAL_I2CEx_ConfigDigitalFilter
                0x000000000800237c       0x98 Drivers/STM32L4xx_HAL_Driver/Src/stm32l4xx_hal_i2c_ex.o
                0x000000000800237c                HAL_I2CEx_ConfigDigitalFilter
 .text.HAL_PWR_EnableBkUpAccess
                0x0000000008002414       0x20 Drivers/STM32L4xx_HAL_Driver/Src/stm32l4xx_hal_pwr.o
                0x0000000008002414                HAL_PWR_EnableBkUpAccess
 .text.HAL_PWREx_GetVoltageRange
                0x0000000008002434       0x1c Drivers/STM32L4xx_HAL_Driver/Src/stm32l4xx_hal_pwr_ex.o
                0x0000000008002434                HAL_PWREx_GetVoltageRange
 .text.HAL_PWREx_ControlVoltageScaling
                0x0000000008002450       0xac Drivers/STM32L4xx_HAL_Driver/Src/stm32l4xx_hal_pwr_ex.o
                0x0000000008002450                HAL_PWREx_ControlVoltageScaling
 .text.HAL_RCC_OscConfig
                0x00000000080024fc      0x7dc Drivers/STM32L4xx_HAL_Driver/Src/stm32l4xx_hal_rcc.o
                0x00000000080024fc                HAL_RCC_OscConfig
 .text.HAL_RCC_ClockConfig
                0x0000000008002cd8      0x1c4 Drivers/STM32L4xx_HAL_Driver/Src/stm32l4xx_hal_rcc.o
                0x0000000008002cd8                HAL_RCC_ClockConfig
 .text.HAL_RCC_GetSysClockFreq
                0x0000000008002e9c      0x114 Drivers/STM32L4xx_HAL_Driver/Src/stm32l4xx_hal_rcc.o
                0x0000000008002e9c                HAL_RCC_GetSysClockFreq
 .text.HAL_RCC_GetHCLKFreq
                0x0000000008002fb0       0x18 Drivers/STM32L4xx_HAL_Driver/Src/stm32l4xx_hal_rcc.o
                0x0000000008002fb0                HAL_RCC_GetHCLKFreq
 .text.HAL_RCC_GetPCLK1Freq
                0x0000000008002fc8       0x2c Drivers/STM32L4xx_HAL_Driver/Src/stm32l4xx_hal_rcc.o
                0x0000000008002fc8                HAL_RCC_GetPCLK1Freq
 .text.HAL_RCC_GetPCLK2Freq
                0x0000000008002ff4       0x2c Drivers/STM32L4xx_HAL_Driver/Src/stm32l4xx_hal_rcc.o
                0x0000000008002ff4                HAL_RCC_GetPCLK2Freq
 .text.RCC_SetFlashLatencyFromMSIRange
                0x0000000008003020       0xc0 Drivers/STM32L4xx_HAL_Driver/Src/stm32l4xx_hal_rcc.o
 .text.HAL_RCCEx_PeriphCLKConfig
                0x00000000080030e0      0x3e4 Drivers/STM32L4xx_HAL_Driver/Src/stm32l4xx_hal_rcc_ex.o
                0x00000000080030e0                HAL_RCCEx_PeriphCLKConfig
 .text.HAL_RCCEx_EnableMSIPLLMode
                0x00000000080034c4       0x20 Drivers/STM32L4xx_HAL_Driver/Src/stm32l4xx_hal_rcc_ex.o
                0x00000000080034c4                HAL_RCCEx_EnableMSIPLLMode
 .text.RCCEx_PLLSAI1_Config
                0x00000000080034e4      0x1e0 Drivers/STM32L4xx_HAL_Driver/Src/stm32l4xx_hal_rcc_ex.o
 .text.HAL_UART_Init
                0x00000000080036c4       0x9c Drivers/STM32L4xx_HAL_Driver/Src/stm32l4xx_hal_uart.o
                0x00000000080036c4                HAL_UART_Init
 .text.UART_SetConfig
                0x0000000008003760      0x594 Drivers/STM32L4xx_HAL_Driver/Src/stm32l4xx_hal_uart.o
                0x0000000008003760                UART_SetConfig
 .text.UART_AdvFeatureConfig
                0x0000000008003cf4      0x144 Drivers/STM32L4xx_HAL_Driver/Src/stm32l4xx_hal_uart.o
                0x0000000008003cf4                UART_AdvFeatureConfig
 .text.UART_CheckIdleState
                0x0000000008003e38       0x8a Drivers/STM32L4xx_HAL_Driver/Src/stm32l4xx_hal_uart.o
                0x0000000008003e38                UART_CheckIdleState
 .text.UART_WaitOnFlagUntilTimeout
                0x0000000008003ec2       0x90 Drivers/STM32L4xx_HAL_Driver/Src/stm32l4xx_hal_uart.o
                0x0000000008003ec2                UART_WaitOnFlagUntilTimeout
 *fill*         0x0000000008003f52        0x2 
 .text.__libc_init_array
                0x0000000008003f54       0x48 d:/program files (x86)/stm32cubeide_1.3.0/stm32cubeide/plugins/com.st.stm32cube.ide.mcu.externaltools.gnu-tools-for-stm32.7-2018-q2-update.win32_1.0.0.201904181610/tools/bin/../lib/gcc/arm-none-eabi/7.3.1/../../../../arm-none-eabi/lib/thumb/v7e-m/fpv4-sp/hard\libc_nano.a(lib_a-init.o)
                0x0000000008003f54                __libc_init_array
 .text.memset   0x0000000008003f9c       0x10 d:/program files (x86)/stm32cubeide_1.3.0/stm32cubeide/plugins/com.st.stm32cube.ide.mcu.externaltools.gnu-tools-for-stm32.7-2018-q2-update.win32_1.0.0.201904181610/tools/bin/../lib/gcc/arm-none-eabi/7.3.1/../../../../arm-none-eabi/lib/thumb/v7e-m/fpv4-sp/hard\libc_nano.a(lib_a-memset.o)
                0x0000000008003f9c                memset
 *(.glue_7)
 .glue_7        0x0000000008003fac        0x0 linker stubs
 *(.glue_7t)
 .glue_7t       0x0000000008003fac        0x0 linker stubs
 *(.eh_frame)
 .eh_frame      0x0000000008003fac        0x0 d:/program files (x86)/stm32cubeide_1.3.0/stm32cubeide/plugins/com.st.stm32cube.ide.mcu.externaltools.gnu-tools-for-stm32.7-2018-q2-update.win32_1.0.0.201904181610/tools/bin/../lib/gcc/arm-none-eabi/7.3.1/thumb/v7e-m/fpv4-sp/hard/crtbegin.o
 *(.init)
 .init          0x0000000008003fac        0x4 d:/program files (x86)/stm32cubeide_1.3.0/stm32cubeide/plugins/com.st.stm32cube.ide.mcu.externaltools.gnu-tools-for-stm32.7-2018-q2-update.win32_1.0.0.201904181610/tools/bin/../lib/gcc/arm-none-eabi/7.3.1/thumb/v7e-m/fpv4-sp/hard/crti.o
                0x0000000008003fac                _init
 .init          0x0000000008003fb0        0x8 d:/program files (x86)/stm32cubeide_1.3.0/stm32cubeide/plugins/com.st.stm32cube.ide.mcu.externaltools.gnu-tools-for-stm32.7-2018-q2-update.win32_1.0.0.201904181610/tools/bin/../lib/gcc/arm-none-eabi/7.3.1/thumb/v7e-m/fpv4-sp/hard/crtn.o
 *(.fini)
 .fini          0x0000000008003fb8        0x4 d:/program files (x86)/stm32cubeide_1.3.0/stm32cubeide/plugins/com.st.stm32cube.ide.mcu.externaltools.gnu-tools-for-stm32.7-2018-q2-update.win32_1.0.0.201904181610/tools/bin/../lib/gcc/arm-none-eabi/7.3.1/thumb/v7e-m/fpv4-sp/hard/crti.o
                0x0000000008003fb8                _fini
 .fini          0x0000000008003fbc        0x8 d:/program files (x86)/stm32cubeide_1.3.0/stm32cubeide/plugins/com.st.stm32cube.ide.mcu.externaltools.gnu-tools-for-stm32.7-2018-q2-update.win32_1.0.0.201904181610/tools/bin/../lib/gcc/arm-none-eabi/7.3.1/thumb/v7e-m/fpv4-sp/hard/crtn.o
                0x0000000008003fc4                . = ALIGN (0x4)
                0x0000000008003fc4                _etext = .

.vfp11_veneer   0x0000000008003fc4        0x0
 .vfp11_veneer  0x0000000008003fc4        0x0 linker stubs

.v4_bx          0x0000000008003fc4        0x0
 .v4_bx         0x0000000008003fc4        0x0 linker stubs

.iplt           0x0000000008003fc4        0x0
 .iplt          0x0000000008003fc4        0x0 d:/program files (x86)/stm32cubeide_1.3.0/stm32cubeide/plugins/com.st.stm32cube.ide.mcu.externaltools.gnu-tools-for-stm32.7-2018-q2-update.win32_1.0.0.201904181610/tools/bin/../lib/gcc/arm-none-eabi/7.3.1/thumb/v7e-m/fpv4-sp/hard/crtbegin.o

.rodata         0x0000000008003fc4       0x48
                0x0000000008003fc4                . = ALIGN (0x4)
 *(.rodata)
 *(.rodata*)
 .rodata.AHBPrescTable
                0x0000000008003fc4       0x10 Core/Src/system_stm32l4xx.o
                0x0000000008003fc4                AHBPrescTable
 .rodata.APBPrescTable
                0x0000000008003fd4        0x8 Core/Src/system_stm32l4xx.o
                0x0000000008003fd4                APBPrescTable
 .rodata.MSIRangeTable
                0x0000000008003fdc       0x30 Core/Src/system_stm32l4xx.o
                0x0000000008003fdc                MSIRangeTable
                0x000000000800400c                . = ALIGN (0x4)

.ARM.extab      0x000000000800400c        0x0
                0x000000000800400c                . = ALIGN (0x4)
 *(.ARM.extab* .gnu.linkonce.armextab.*)
                0x000000000800400c                . = ALIGN (0x4)

.ARM            0x000000000800400c        0x8
                0x000000000800400c                . = ALIGN (0x4)
                0x000000000800400c                __exidx_start = .
 *(.ARM.exidx*)
 .ARM.exidx     0x000000000800400c        0x8 d:/program files (x86)/stm32cubeide_1.3.0/stm32cubeide/plugins/com.st.stm32cube.ide.mcu.externaltools.gnu-tools-for-stm32.7-2018-q2-update.win32_1.0.0.201904181610/tools/bin/../lib/gcc/arm-none-eabi/7.3.1/thumb/v7e-m/fpv4-sp/hard\libgcc.a(_udivmoddi4.o)
                0x0000000008004014                __exidx_end = .
                0x0000000008004014                . = ALIGN (0x4)

.rel.dyn        0x0000000008004014        0x0
 .rel.iplt      0x0000000008004014        0x0 d:/program files (x86)/stm32cubeide_1.3.0/stm32cubeide/plugins/com.st.stm32cube.ide.mcu.externaltools.gnu-tools-for-stm32.7-2018-q2-update.win32_1.0.0.201904181610/tools/bin/../lib/gcc/arm-none-eabi/7.3.1/thumb/v7e-m/fpv4-sp/hard/crtbegin.o

.preinit_array  0x0000000008004014        0x0
                0x0000000008004014                . = ALIGN (0x4)
                0x0000000008004014                PROVIDE (__preinit_array_start = .)
 *(.preinit_array*)
                0x0000000008004014                PROVIDE (__preinit_array_end = .)
                0x0000000008004014                . = ALIGN (0x4)

.init_array     0x0000000008004014        0x4
                0x0000000008004014                . = ALIGN (0x4)
                0x0000000008004014                PROVIDE (__init_array_start = .)
 *(SORT_BY_NAME(.init_array.*))
 *(.init_array*)
 .init_array    0x0000000008004014        0x4 d:/program files (x86)/stm32cubeide_1.3.0/stm32cubeide/plugins/com.st.stm32cube.ide.mcu.externaltools.gnu-tools-for-stm32.7-2018-q2-update.win32_1.0.0.201904181610/tools/bin/../lib/gcc/arm-none-eabi/7.3.1/thumb/v7e-m/fpv4-sp/hard/crtbegin.o
                0x0000000008004018                PROVIDE (__init_array_end = .)
                0x0000000008004018                . = ALIGN (0x4)

.fini_array     0x0000000008004018        0x4
                0x0000000008004018                . = ALIGN (0x4)
                [!provide]                        PROVIDE (__fini_array_start = .)
 *(SORT_BY_NAME(.fini_array.*))
 *(.fini_array*)
 .fini_array    0x0000000008004018        0x4 d:/program files (x86)/stm32cubeide_1.3.0/stm32cubeide/plugins/com.st.stm32cube.ide.mcu.externaltools.gnu-tools-for-stm32.7-2018-q2-update.win32_1.0.0.201904181610/tools/bin/../lib/gcc/arm-none-eabi/7.3.1/thumb/v7e-m/fpv4-sp/hard/crtbegin.o
                [!provide]                        PROVIDE (__fini_array_end = .)
                0x000000000800401c                . = ALIGN (0x4)
                0x000000000800401c                _sidata = LOADADDR (.data)

.data           0x0000000020000000       0x3c load address 0x000000000800401c
                0x0000000020000000                . = ALIGN (0x4)
                0x0000000020000000                _sdata = .
 *(.data)
 *(.data*)
 .data.longBlock
                0x0000000020000000        0xc Core/Src/main.o
                0x0000000020000000                longBlock
 .data.blitzBlock
                0x000000002000000c        0xc Core/Src/main.o
                0x000000002000000c                blitzBlock
 .data.Lblock   0x0000000020000018        0xc Core/Src/main.o
                0x0000000020000018                Lblock
 .data.Tblock   0x0000000020000024        0xc Core/Src/main.o
                0x0000000020000024                Tblock
 .data.SystemCoreClock
                0x0000000020000030        0x4 Core/Src/system_stm32l4xx.o
                0x0000000020000030                SystemCoreClock
 .data.uwTickPrio
                0x0000000020000034        0x4 Drivers/STM32L4xx_HAL_Driver/Src/stm32l4xx_hal.o
                0x0000000020000034                uwTickPrio
 .data.uwTickFreq
                0x0000000020000038        0x4 Drivers/STM32L4xx_HAL_Driver/Src/stm32l4xx_hal.o
                0x0000000020000038                uwTickFreq
                0x000000002000003c                . = ALIGN (0x4)
                0x000000002000003c                _edata = .

.igot.plt       0x000000002000003c        0x0 load address 0x0000000008004058
 .igot.plt      0x000000002000003c        0x0 d:/program files (x86)/stm32cubeide_1.3.0/stm32cubeide/plugins/com.st.stm32cube.ide.mcu.externaltools.gnu-tools-for-stm32.7-2018-q2-update.win32_1.0.0.201904181610/tools/bin/../lib/gcc/arm-none-eabi/7.3.1/thumb/v7e-m/fpv4-sp/hard/crtbegin.o
                0x000000002000003c                . = ALIGN (0x4)

.bss            0x000000002000003c      0x170 load address 0x0000000008004058
                0x000000002000003c                _sbss = .
                0x000000002000003c                __bss_start__ = _sbss
 *(.bss)
 .bss           0x000000002000003c       0x1c d:/program files (x86)/stm32cubeide_1.3.0/stm32cubeide/plugins/com.st.stm32cube.ide.mcu.externaltools.gnu-tools-for-stm32.7-2018-q2-update.win32_1.0.0.201904181610/tools/bin/../lib/gcc/arm-none-eabi/7.3.1/thumb/v7e-m/fpv4-sp/hard/crtbegin.o
 *(.bss*)
 .bss.lines.10043
                0x0000000020000058       0x10 Core/Src/main.o
 *(COMMON)
 COMMON         0x0000000020000068      0x140 Core/Src/main.o
                0x0000000020000068                hi2c1
                0x00000000200000b4                blocks
                0x00000000200000c4                hadc1
                0x0000000020000128                huart2
 COMMON         0x00000000200001a8        0x4 Drivers/STM32L4xx_HAL_Driver/Src/stm32l4xx_hal.o
                0x00000000200001a8                uwTick
                0x00000000200001ac                . = ALIGN (0x4)
                0x00000000200001ac                _ebss = .
                0x00000000200001ac                __bss_end__ = _ebss

._user_heap_stack
                0x00000000200001ac      0x604 load address 0x0000000008004058
                0x00000000200001b0                . = ALIGN (0x8)
 *fill*         0x00000000200001ac        0x4 
                0x00000000200001b0                PROVIDE (end = .)
                [!provide]                        PROVIDE (_end = .)
                0x00000000200003b0                . = (. + _Min_Heap_Size)
 *fill*         0x00000000200001b0      0x200 
                0x00000000200007b0                . = (. + _Min_Stack_Size)
 *fill*         0x00000000200003b0      0x400 
                0x00000000200007b0                . = ALIGN (0x8)

/DISCARD/
 libc.a(*)
 libm.a(*)
 libgcc.a(*)

.ARM.attributes
                0x0000000000000000       0x30
 *(.ARM.attributes)
 .ARM.attributes
                0x0000000000000000       0x22 d:/program files (x86)/stm32cubeide_1.3.0/stm32cubeide/plugins/com.st.stm32cube.ide.mcu.externaltools.gnu-tools-for-stm32.7-2018-q2-update.win32_1.0.0.201904181610/tools/bin/../lib/gcc/arm-none-eabi/7.3.1/thumb/v7e-m/fpv4-sp/hard/crti.o
 .ARM.attributes
                0x0000000000000022       0x34 d:/program files (x86)/stm32cubeide_1.3.0/stm32cubeide/plugins/com.st.stm32cube.ide.mcu.externaltools.gnu-tools-for-stm32.7-2018-q2-update.win32_1.0.0.201904181610/tools/bin/../lib/gcc/arm-none-eabi/7.3.1/thumb/v7e-m/fpv4-sp/hard/crtbegin.o
 .ARM.attributes
                0x0000000000000056       0x39 Core/Src/main.o
 .ARM.attributes
                0x000000000000008f       0x39 Core/Src/stm32l4xx_hal_msp.o
 .ARM.attributes
                0x00000000000000c8       0x39 Core/Src/stm32l4xx_it.o
 .ARM.attributes
                0x0000000000000101       0x39 Core/Src/system_stm32l4xx.o
 .ARM.attributes
                0x000000000000013a       0x21 Core/Startup/startup_stm32l432kcux.o
 .ARM.attributes
                0x000000000000015b       0x39 Drivers/STM32L4xx_HAL_Driver/Src/stm32l4xx_hal.o
 .ARM.attributes
                0x0000000000000194       0x39 Drivers/STM32L4xx_HAL_Driver/Src/stm32l4xx_hal_adc.o
 .ARM.attributes
                0x00000000000001cd       0x39 Drivers/STM32L4xx_HAL_Driver/Src/stm32l4xx_hal_cortex.o
 .ARM.attributes
                0x0000000000000206       0x39 Drivers/STM32L4xx_HAL_Driver/Src/stm32l4xx_hal_gpio.o
 .ARM.attributes
                0x000000000000023f       0x39 Drivers/STM32L4xx_HAL_Driver/Src/stm32l4xx_hal_i2c.o
 .ARM.attributes
                0x0000000000000278       0x39 Drivers/STM32L4xx_HAL_Driver/Src/stm32l4xx_hal_i2c_ex.o
 .ARM.attributes
                0x00000000000002b1       0x39 Drivers/STM32L4xx_HAL_Driver/Src/stm32l4xx_hal_pwr.o
 .ARM.attributes
                0x00000000000002ea       0x39 Drivers/STM32L4xx_HAL_Driver/Src/stm32l4xx_hal_pwr_ex.o
 .ARM.attributes
                0x0000000000000323       0x39 Drivers/STM32L4xx_HAL_Driver/Src/stm32l4xx_hal_rcc.o
 .ARM.attributes
                0x000000000000035c       0x39 Drivers/STM32L4xx_HAL_Driver/Src/stm32l4xx_hal_rcc_ex.o
 .ARM.attributes
                0x0000000000000395       0x39 Drivers/STM32L4xx_HAL_Driver/Src/stm32l4xx_hal_uart.o
 .ARM.attributes
                0x00000000000003ce       0x34 d:/program files (x86)/stm32cubeide_1.3.0/stm32cubeide/plugins/com.st.stm32cube.ide.mcu.externaltools.gnu-tools-for-stm32.7-2018-q2-update.win32_1.0.0.201904181610/tools/bin/../lib/gcc/arm-none-eabi/7.3.1/../../../../arm-none-eabi/lib/thumb/v7e-m/fpv4-sp/hard\libc_nano.a(lib_a-init.o)
 .ARM.attributes
                0x0000000000000402       0x34 d:/program files (x86)/stm32cubeide_1.3.0/stm32cubeide/plugins/com.st.stm32cube.ide.mcu.externaltools.gnu-tools-for-stm32.7-2018-q2-update.win32_1.0.0.201904181610/tools/bin/../lib/gcc/arm-none-eabi/7.3.1/../../../../arm-none-eabi/lib/thumb/v7e-m/fpv4-sp/hard\libc_nano.a(lib_a-memset.o)
 .ARM.attributes
                0x0000000000000436       0x22 d:/program files (x86)/stm32cubeide_1.3.0/stm32cubeide/plugins/com.st.stm32cube.ide.mcu.externaltools.gnu-tools-for-stm32.7-2018-q2-update.win32_1.0.0.201904181610/tools/bin/../lib/gcc/arm-none-eabi/7.3.1/thumb/v7e-m/fpv4-sp/hard\libgcc.a(_aeabi_uldivmod.o)
 .ARM.attributes
                0x0000000000000458       0x34 d:/program files (x86)/stm32cubeide_1.3.0/stm32cubeide/plugins/com.st.stm32cube.ide.mcu.externaltools.gnu-tools-for-stm32.7-2018-q2-update.win32_1.0.0.201904181610/tools/bin/../lib/gcc/arm-none-eabi/7.3.1/thumb/v7e-m/fpv4-sp/hard\libgcc.a(_udivmoddi4.o)
 .ARM.attributes
                0x000000000000048c       0x22 d:/program files (x86)/stm32cubeide_1.3.0/stm32cubeide/plugins/com.st.stm32cube.ide.mcu.externaltools.gnu-tools-for-stm32.7-2018-q2-update.win32_1.0.0.201904181610/tools/bin/../lib/gcc/arm-none-eabi/7.3.1/thumb/v7e-m/fpv4-sp/hard\libgcc.a(_dvmd_tls.o)
 .ARM.attributes
                0x00000000000004ae       0x22 d:/program files (x86)/stm32cubeide_1.3.0/stm32cubeide/plugins/com.st.stm32cube.ide.mcu.externaltools.gnu-tools-for-stm32.7-2018-q2-update.win32_1.0.0.201904181610/tools/bin/../lib/gcc/arm-none-eabi/7.3.1/thumb/v7e-m/fpv4-sp/hard/crtn.o
OUTPUT(stm32L432KC_SSD1306.elf elf32-littlearm)

.debug_info     0x0000000000000000     0xf356
 .debug_info    0x0000000000000000     0x2326 Core/Src/main.o
 .debug_info    0x0000000000002326     0x132a Core/Src/stm32l4xx_hal_msp.o
 .debug_info    0x0000000000003650      0x318 Core/Src/stm32l4xx_it.o
 .debug_info    0x0000000000003968      0x703 Core/Src/system_stm32l4xx.o
 .debug_info    0x000000000000406b       0x22 Core/Startup/startup_stm32l432kcux.o
 .debug_info    0x000000000000408d      0xa91 Drivers/STM32L4xx_HAL_Driver/Src/stm32l4xx_hal.o
 .debug_info    0x0000000000004b1e     0x1b63 Drivers/STM32L4xx_HAL_Driver/Src/stm32l4xx_hal_adc.o
 .debug_info    0x0000000000006681      0xebe Drivers/STM32L4xx_HAL_Driver/Src/stm32l4xx_hal_cortex.o
 .debug_info    0x000000000000753f      0x982 Drivers/STM32L4xx_HAL_Driver/Src/stm32l4xx_hal_gpio.o
 .debug_info    0x0000000000007ec1     0x205c Drivers/STM32L4xx_HAL_Driver/Src/stm32l4xx_hal_i2c.o
 .debug_info    0x0000000000009f1d      0xb4e Drivers/STM32L4xx_HAL_Driver/Src/stm32l4xx_hal_i2c_ex.o
 .debug_info    0x000000000000aa6b      0xa6d Drivers/STM32L4xx_HAL_Driver/Src/stm32l4xx_hal_pwr.o
 .debug_info    0x000000000000b4d8      0xa80 Drivers/STM32L4xx_HAL_Driver/Src/stm32l4xx_hal_pwr_ex.o
 .debug_info    0x000000000000bf58      0xcad Drivers/STM32L4xx_HAL_Driver/Src/stm32l4xx_hal_rcc.o
 .debug_info    0x000000000000cc05      0xfce Drivers/STM32L4xx_HAL_Driver/Src/stm32l4xx_hal_rcc_ex.o
 .debug_info    0x000000000000dbd3     0x1783 Drivers/STM32L4xx_HAL_Driver/Src/stm32l4xx_hal_uart.o

.debug_abbrev   0x0000000000000000     0x1d64
 .debug_abbrev  0x0000000000000000      0x2e9 Core/Src/main.o
 .debug_abbrev  0x00000000000002e9      0x197 Core/Src/stm32l4xx_hal_msp.o
 .debug_abbrev  0x0000000000000480       0xe2 Core/Src/stm32l4xx_it.o
 .debug_abbrev  0x0000000000000562      0x150 Core/Src/system_stm32l4xx.o
 .debug_abbrev  0x00000000000006b2       0x12 Core/Startup/startup_stm32l432kcux.o
 .debug_abbrev  0x00000000000006c4      0x1e1 Drivers/STM32L4xx_HAL_Driver/Src/stm32l4xx_hal.o
 .debug_abbrev  0x00000000000008a5      0x24a Drivers/STM32L4xx_HAL_Driver/Src/stm32l4xx_hal_adc.o
 .debug_abbrev  0x0000000000000aef      0x2fa Drivers/STM32L4xx_HAL_Driver/Src/stm32l4xx_hal_cortex.o
 .debug_abbrev  0x0000000000000de9      0x1c0 Drivers/STM32L4xx_HAL_Driver/Src/stm32l4xx_hal_gpio.o
 .debug_abbrev  0x0000000000000fa9      0x22a Drivers/STM32L4xx_HAL_Driver/Src/stm32l4xx_hal_i2c.o
 .debug_abbrev  0x00000000000011d3      0x1b9 Drivers/STM32L4xx_HAL_Driver/Src/stm32l4xx_hal_i2c_ex.o
 .debug_abbrev  0x000000000000138c      0x18b Drivers/STM32L4xx_HAL_Driver/Src/stm32l4xx_hal_pwr.o
 .debug_abbrev  0x0000000000001517      0x1cb Drivers/STM32L4xx_HAL_Driver/Src/stm32l4xx_hal_pwr_ex.o
 .debug_abbrev  0x00000000000016e2      0x245 Drivers/STM32L4xx_HAL_Driver/Src/stm32l4xx_hal_rcc.o
 .debug_abbrev  0x0000000000001927      0x238 Drivers/STM32L4xx_HAL_Driver/Src/stm32l4xx_hal_rcc_ex.o
 .debug_abbrev  0x0000000000001b5f      0x205 Drivers/STM32L4xx_HAL_Driver/Src/stm32l4xx_hal_uart.o

.debug_aranges  0x0000000000000000      0xe08
 .debug_aranges
                0x0000000000000000       0x88 Core/Src/main.o
 .debug_aranges
                0x0000000000000088       0x50 Core/Src/stm32l4xx_hal_msp.o
 .debug_aranges
                0x00000000000000d8       0x60 Core/Src/stm32l4xx_it.o
 .debug_aranges
                0x0000000000000138       0x28 Core/Src/system_stm32l4xx.o
 .debug_aranges
                0x0000000000000160       0x28 Core/Startup/startup_stm32l432kcux.o
 .debug_aranges
                0x0000000000000188      0x108 Drivers/STM32L4xx_HAL_Driver/Src/stm32l4xx_hal.o
 .debug_aranges
                0x0000000000000290      0x210 Drivers/STM32L4xx_HAL_Driver/Src/stm32l4xx_hal_adc.o
 .debug_aranges
                0x00000000000004a0      0x118 Drivers/STM32L4xx_HAL_Driver/Src/stm32l4xx_hal_cortex.o
 .debug_aranges
                0x00000000000005b8       0x58 Drivers/STM32L4xx_HAL_Driver/Src/stm32l4xx_hal_gpio.o
 .debug_aranges
                0x0000000000000610      0x288 Drivers/STM32L4xx_HAL_Driver/Src/stm32l4xx_hal_i2c.o
 .debug_aranges
                0x0000000000000898       0x48 Drivers/STM32L4xx_HAL_Driver/Src/stm32l4xx_hal_i2c_ex.o
 .debug_aranges
                0x00000000000008e0       0x98 Drivers/STM32L4xx_HAL_Driver/Src/stm32l4xx_hal_pwr.o
 .debug_aranges
                0x0000000000000978      0x120 Drivers/STM32L4xx_HAL_Driver/Src/stm32l4xx_hal_pwr_ex.o
 .debug_aranges
                0x0000000000000a98       0x88 Drivers/STM32L4xx_HAL_Driver/Src/stm32l4xx_hal_rcc.o
 .debug_aranges
                0x0000000000000b20       0xf0 Drivers/STM32L4xx_HAL_Driver/Src/stm32l4xx_hal_rcc_ex.o
 .debug_aranges
                0x0000000000000c10      0x1f8 Drivers/STM32L4xx_HAL_Driver/Src/stm32l4xx_hal_uart.o

.debug_ranges   0x0000000000000000      0xd10
 .debug_ranges  0x0000000000000000       0x78 Core/Src/main.o
 .debug_ranges  0x0000000000000078       0x40 Core/Src/stm32l4xx_hal_msp.o
 .debug_ranges  0x00000000000000b8       0x50 Core/Src/stm32l4xx_it.o
 .debug_ranges  0x0000000000000108       0x18 Core/Src/system_stm32l4xx.o
 .debug_ranges  0x0000000000000120       0x20 Core/Startup/startup_stm32l432kcux.o
 .debug_ranges  0x0000000000000140       0xf8 Drivers/STM32L4xx_HAL_Driver/Src/stm32l4xx_hal.o
 .debug_ranges  0x0000000000000238      0x200 Drivers/STM32L4xx_HAL_Driver/Src/stm32l4xx_hal_adc.o
 .debug_ranges  0x0000000000000438      0x108 Drivers/STM32L4xx_HAL_Driver/Src/stm32l4xx_hal_cortex.o
 .debug_ranges  0x0000000000000540       0x48 Drivers/STM32L4xx_HAL_Driver/Src/stm32l4xx_hal_gpio.o
 .debug_ranges  0x0000000000000588      0x278 Drivers/STM32L4xx_HAL_Driver/Src/stm32l4xx_hal_i2c.o
 .debug_ranges  0x0000000000000800       0x38 Drivers/STM32L4xx_HAL_Driver/Src/stm32l4xx_hal_i2c_ex.o
 .debug_ranges  0x0000000000000838       0x88 Drivers/STM32L4xx_HAL_Driver/Src/stm32l4xx_hal_pwr.o
 .debug_ranges  0x00000000000008c0      0x110 Drivers/STM32L4xx_HAL_Driver/Src/stm32l4xx_hal_pwr_ex.o
 .debug_ranges  0x00000000000009d0       0x78 Drivers/STM32L4xx_HAL_Driver/Src/stm32l4xx_hal_rcc.o
 .debug_ranges  0x0000000000000a48       0xe0 Drivers/STM32L4xx_HAL_Driver/Src/stm32l4xx_hal_rcc_ex.o
 .debug_ranges  0x0000000000000b28      0x1e8 Drivers/STM32L4xx_HAL_Driver/Src/stm32l4xx_hal_uart.o

.debug_macro    0x0000000000000000    0x21ae0
 .debug_macro   0x0000000000000000      0x3d7 Core/Src/main.o
 .debug_macro   0x00000000000003d7      0xa5a Core/Src/main.o
 .debug_macro   0x0000000000000e31       0xc0 Core/Src/main.o
 .debug_macro   0x0000000000000ef1       0x2e Core/Src/main.o
 .debug_macro   0x0000000000000f1f       0x28 Core/Src/main.o
 .debug_macro   0x0000000000000f47       0x22 Core/Src/main.o
 .debug_macro   0x0000000000000f69       0x8e Core/Src/main.o
 .debug_macro   0x0000000000000ff7       0x51 Core/Src/main.o
 .debug_macro   0x0000000000001048       0xef Core/Src/main.o
 .debug_macro   0x0000000000001137       0x6a Core/Src/main.o
 .debug_macro   0x00000000000011a1      0x1df Core/Src/main.o
 .debug_macro   0x0000000000001380       0x1c Core/Src/main.o
 .debug_macro   0x000000000000139c       0x22 Core/Src/main.o
 .debug_macro   0x00000000000013be       0xdf Core/Src/main.o
 .debug_macro   0x000000000000149d     0x102d Core/Src/main.o
 .debug_macro   0x00000000000024ca      0x11f Core/Src/main.o
 .debug_macro   0x00000000000025e9    0x14760 Core/Src/main.o
 .debug_macro   0x0000000000016d49       0x43 Core/Src/main.o
 .debug_macro   0x0000000000016d8c     0x3820 Core/Src/main.o
 .debug_macro   0x000000000001a5ac      0x174 Core/Src/main.o
 .debug_macro   0x000000000001a720       0x5a Core/Src/main.o
 .debug_macro   0x000000000001a77a     0x118b Core/Src/main.o
 .debug_macro   0x000000000001b905      0x535 Core/Src/main.o
 .debug_macro   0x000000000001be3a      0x241 Core/Src/main.o
 .debug_macro   0x000000000001c07b      0x13d Core/Src/main.o
 .debug_macro   0x000000000001c1b8      0x122 Core/Src/main.o
 .debug_macro   0x000000000001c2da      0x26b Core/Src/main.o
 .debug_macro   0x000000000001c545      0x236 Core/Src/main.o
 .debug_macro   0x000000000001c77b      0xdd8 Core/Src/main.o
 .debug_macro   0x000000000001d553      0x61d Core/Src/main.o
 .debug_macro   0x000000000001db70      0x241 Core/Src/main.o
 .debug_macro   0x000000000001ddb1      0x367 Core/Src/main.o
 .debug_macro   0x000000000001e118       0xe4 Core/Src/main.o
 .debug_macro   0x000000000001e1fc      0x22c Core/Src/main.o
 .debug_macro   0x000000000001e428       0x5e Core/Src/main.o
 .debug_macro   0x000000000001e486       0xa5 Core/Src/main.o
 .debug_macro   0x000000000001e52b      0x122 Core/Src/main.o
 .debug_macro   0x000000000001e64d      0x342 Core/Src/main.o
 .debug_macro   0x000000000001e98f      0x57b Core/Src/main.o
 .debug_macro   0x000000000001ef0a       0x44 Core/Src/main.o
 .debug_macro   0x000000000001ef4e      0x239 Core/Src/main.o
 .debug_macro   0x000000000001f187       0x4c Core/Src/main.o
 .debug_macro   0x000000000001f1d3       0x4c Core/Src/main.o
 .debug_macro   0x000000000001f21f       0x46 Core/Src/main.o
 .debug_macro   0x000000000001f265       0x18 Core/Src/main.o
 .debug_macro   0x000000000001f27d       0x3c Core/Src/main.o
 .debug_macro   0x000000000001f2b9       0x34 Core/Src/main.o
 .debug_macro   0x000000000001f2ed       0x52 Core/Src/main.o
 .debug_macro   0x000000000001f33f       0x1f Core/Src/main.o
 .debug_macro   0x000000000001f35e       0x43 Core/Src/main.o
 .debug_macro   0x000000000001f3a1       0x20 Core/Src/main.o
 .debug_macro   0x000000000001f3c1      0x1a3 Core/Src/main.o
 .debug_macro   0x000000000001f564      0x32a Core/Src/main.o
 .debug_macro   0x000000000001f88e       0x10 Core/Src/main.o
 .debug_macro   0x000000000001f89e       0x35 Core/Src/main.o
 .debug_macro   0x000000000001f8d3       0x20 Core/Src/main.o
 .debug_macro   0x000000000001f8f3       0x1c Core/Src/main.o
 .debug_macro   0x000000000001f90f       0x10 Core/Src/main.o
 .debug_macro   0x000000000001f91f       0x10 Core/Src/main.o
 .debug_macro   0x000000000001f92f       0x1c Core/Src/main.o
 .debug_macro   0x000000000001f94b       0x52 Core/Src/main.o
 .debug_macro   0x000000000001f99d       0x40 Core/Src/main.o
 .debug_macro   0x000000000001f9dd       0x10 Core/Src/main.o
 .debug_macro   0x000000000001f9ed       0x40 Core/Src/main.o
 .debug_macro   0x000000000001fa2d       0xd7 Core/Src/main.o
 .debug_macro   0x000000000001fb04       0x1c Core/Src/main.o
 .debug_macro   0x000000000001fb20       0x3d Core/Src/main.o
 .debug_macro   0x000000000001fb5d       0x16 Core/Src/main.o
 .debug_macro   0x000000000001fb73      0x145 Core/Src/main.o
 .debug_macro   0x000000000001fcb8       0x22 Core/Src/main.o
 .debug_macro   0x000000000001fcda      0x207 Core/Src/stm32l4xx_hal_msp.o
 .debug_macro   0x000000000001fee1      0x211 Core/Src/stm32l4xx_it.o
 .debug_macro   0x00000000000200f2      0x1fe Core/Src/system_stm32l4xx.o
 .debug_macro   0x00000000000202f0      0x240 Drivers/STM32L4xx_HAL_Driver/Src/stm32l4xx_hal.o
 .debug_macro   0x0000000000020530      0x215 Drivers/STM32L4xx_HAL_Driver/Src/stm32l4xx_hal_adc.o
 .debug_macro   0x0000000000020745      0x1f8 Drivers/STM32L4xx_HAL_Driver/Src/stm32l4xx_hal_cortex.o
 .debug_macro   0x000000000002093d      0x237 Drivers/STM32L4xx_HAL_Driver/Src/stm32l4xx_hal_gpio.o
 .debug_macro   0x0000000000020b74      0x2bd Drivers/STM32L4xx_HAL_Driver/Src/stm32l4xx_hal_i2c.o
 .debug_macro   0x0000000000020e31      0x1f8 Drivers/STM32L4xx_HAL_Driver/Src/stm32l4xx_hal_i2c_ex.o
 .debug_macro   0x0000000000021029      0x210 Drivers/STM32L4xx_HAL_Driver/Src/stm32l4xx_hal_pwr.o
 .debug_macro   0x0000000000021239      0x21c Drivers/STM32L4xx_HAL_Driver/Src/stm32l4xx_hal_pwr_ex.o
 .debug_macro   0x0000000000021455      0x23a Drivers/STM32L4xx_HAL_Driver/Src/stm32l4xx_hal_rcc.o
 .debug_macro   0x000000000002168f      0x22e Drivers/STM32L4xx_HAL_Driver/Src/stm32l4xx_hal_rcc_ex.o
 .debug_macro   0x00000000000218bd      0x223 Drivers/STM32L4xx_HAL_Driver/Src/stm32l4xx_hal_uart.o

.debug_line     0x0000000000000000     0xb867
 .debug_line    0x0000000000000000      0xd71 Core/Src/main.o
 .debug_line    0x0000000000000d71      0x827 Core/Src/stm32l4xx_hal_msp.o
 .debug_line    0x0000000000001598      0x83a Core/Src/stm32l4xx_it.o
 .debug_line    0x0000000000001dd2      0x7c1 Core/Src/system_stm32l4xx.o
 .debug_line    0x0000000000002593       0x85 Core/Startup/startup_stm32l432kcux.o
 .debug_line    0x0000000000002618      0x9d4 Drivers/STM32L4xx_HAL_Driver/Src/stm32l4xx_hal.o
 .debug_line    0x0000000000002fec     0x13d5 Drivers/STM32L4xx_HAL_Driver/Src/stm32l4xx_hal_adc.o
 .debug_line    0x00000000000043c1      0xabf Drivers/STM32L4xx_HAL_Driver/Src/stm32l4xx_hal_cortex.o
 .debug_line    0x0000000000004e80      0x8ff Drivers/STM32L4xx_HAL_Driver/Src/stm32l4xx_hal_gpio.o
 .debug_line    0x000000000000577f     0x1b0c Drivers/STM32L4xx_HAL_Driver/Src/stm32l4xx_hal_i2c.o
 .debug_line    0x000000000000728b      0x8da Drivers/STM32L4xx_HAL_Driver/Src/stm32l4xx_hal_i2c_ex.o
 .debug_line    0x0000000000007b65      0x8d1 Drivers/STM32L4xx_HAL_Driver/Src/stm32l4xx_hal_pwr.o
 .debug_line    0x0000000000008436      0xaab Drivers/STM32L4xx_HAL_Driver/Src/stm32l4xx_hal_pwr_ex.o
 .debug_line    0x0000000000008ee1      0xaaa Drivers/STM32L4xx_HAL_Driver/Src/stm32l4xx_hal_rcc.o
 .debug_line    0x000000000000998b      0xcac Drivers/STM32L4xx_HAL_Driver/Src/stm32l4xx_hal_rcc_ex.o
 .debug_line    0x000000000000a637     0x1230 Drivers/STM32L4xx_HAL_Driver/Src/stm32l4xx_hal_uart.o

.debug_str      0x0000000000000000    0xd1605
 .debug_str     0x0000000000000000    0xcd763 Core/Src/main.o
                                      0xcddfe (size before relaxing)
 .debug_str     0x00000000000cd763       0xa4 Core/Src/stm32l4xx_hal_msp.o
                                      0xc954e (size before relaxing)
 .debug_str     0x00000000000cd807       0xbd Core/Src/stm32l4xx_it.o
                                      0xc8ae0 (size before relaxing)
 .debug_str     0x00000000000cd8c4       0xcd Core/Src/system_stm32l4xx.o
                                      0xc8b37 (size before relaxing)
 .debug_str     0x00000000000cd991       0x36 Core/Startup/startup_stm32l432kcux.o
                                         0x8b (size before relaxing)
 .debug_str     0x00000000000cd9c7      0x83b Drivers/STM32L4xx_HAL_Driver/Src/stm32l4xx_hal.o
                                      0xc9408 (size before relaxing)
 .debug_str     0x00000000000ce202      0x98b Drivers/STM32L4xx_HAL_Driver/Src/stm32l4xx_hal_adc.o
                                      0xc9826 (size before relaxing)
 .debug_str     0x00000000000ceb8d      0x392 Drivers/STM32L4xx_HAL_Driver/Src/stm32l4xx_hal_cortex.o
                                      0xc9271 (size before relaxing)
 .debug_str     0x00000000000cef1f      0x236 Drivers/STM32L4xx_HAL_Driver/Src/stm32l4xx_hal_gpio.o
                                      0xc8db1 (size before relaxing)
 .debug_str     0x00000000000cf155      0xcf2 Drivers/STM32L4xx_HAL_Driver/Src/stm32l4xx_hal_i2c.o
                                      0xc9bf2 (size before relaxing)
 .debug_str     0x00000000000cfe47       0xb8 Drivers/STM32L4xx_HAL_Driver/Src/stm32l4xx_hal_i2c_ex.o
                                      0xc9040 (size before relaxing)
 .debug_str     0x00000000000cfeff      0x2cf Drivers/STM32L4xx_HAL_Driver/Src/stm32l4xx_hal_pwr.o
                                      0xc8e2d (size before relaxing)
 .debug_str     0x00000000000d01ce      0x3bf Drivers/STM32L4xx_HAL_Driver/Src/stm32l4xx_hal_pwr_ex.o
                                      0xc8fad (size before relaxing)
 .debug_str     0x00000000000d058d      0x38a Drivers/STM32L4xx_HAL_Driver/Src/stm32l4xx_hal_rcc.o
                                      0xc90b3 (size before relaxing)
 .debug_str     0x00000000000d0917      0x515 Drivers/STM32L4xx_HAL_Driver/Src/stm32l4xx_hal_rcc_ex.o
                                      0xc932b (size before relaxing)
 .debug_str     0x00000000000d0e2c      0x7d9 Drivers/STM32L4xx_HAL_Driver/Src/stm32l4xx_hal_uart.o
                                      0xc9690 (size before relaxing)

.comment        0x0000000000000000       0x7b
 .comment       0x0000000000000000       0x7b Core/Src/main.o
                                         0x7c (size before relaxing)
 .comment       0x000000000000007b       0x7c Core/Src/stm32l4xx_hal_msp.o
 .comment       0x000000000000007b       0x7c Core/Src/stm32l4xx_it.o
 .comment       0x000000000000007b       0x7c Core/Src/system_stm32l4xx.o
 .comment       0x000000000000007b       0x7c Drivers/STM32L4xx_HAL_Driver/Src/stm32l4xx_hal.o
 .comment       0x000000000000007b       0x7c Drivers/STM32L4xx_HAL_Driver/Src/stm32l4xx_hal_adc.o
 .comment       0x000000000000007b       0x7c Drivers/STM32L4xx_HAL_Driver/Src/stm32l4xx_hal_cortex.o
 .comment       0x000000000000007b       0x7c Drivers/STM32L4xx_HAL_Driver/Src/stm32l4xx_hal_gpio.o
 .comment       0x000000000000007b       0x7c Drivers/STM32L4xx_HAL_Driver/Src/stm32l4xx_hal_i2c.o
 .comment       0x000000000000007b       0x7c Drivers/STM32L4xx_HAL_Driver/Src/stm32l4xx_hal_i2c_ex.o
 .comment       0x000000000000007b       0x7c Drivers/STM32L4xx_HAL_Driver/Src/stm32l4xx_hal_pwr.o
 .comment       0x000000000000007b       0x7c Drivers/STM32L4xx_HAL_Driver/Src/stm32l4xx_hal_pwr_ex.o
 .comment       0x000000000000007b       0x7c Drivers/STM32L4xx_HAL_Driver/Src/stm32l4xx_hal_rcc.o
 .comment       0x000000000000007b       0x7c Drivers/STM32L4xx_HAL_Driver/Src/stm32l4xx_hal_rcc_ex.o
 .comment       0x000000000000007b       0x7c Drivers/STM32L4xx_HAL_Driver/Src/stm32l4xx_hal_uart.o

.debug_frame    0x0000000000000000     0x3ac8
 .debug_frame   0x0000000000000000      0x204 Core/Src/main.o
 .debug_frame   0x0000000000000204      0x110 Core/Src/stm32l4xx_hal_msp.o
 .debug_frame   0x0000000000000314      0x10c Core/Src/stm32l4xx_it.o
 .debug_frame   0x0000000000000420       0x58 Core/Src/system_stm32l4xx.o
 .debug_frame   0x0000000000000478      0x3dc Drivers/STM32L4xx_HAL_Driver/Src/stm32l4xx_hal.o
 .debug_frame   0x0000000000000854      0x9b0 Drivers/STM32L4xx_HAL_Driver/Src/stm32l4xx_hal_adc.o
 .debug_frame   0x0000000000001204      0x498 Drivers/STM32L4xx_HAL_Driver/Src/stm32l4xx_hal_cortex.o
 .debug_frame   0x000000000000169c      0x14c Drivers/STM32L4xx_HAL_Driver/Src/stm32l4xx_hal_gpio.o
 .debug_frame   0x00000000000017e8      0xbc0 Drivers/STM32L4xx_HAL_Driver/Src/stm32l4xx_hal_i2c.o
 .debug_frame   0x00000000000023a8      0x100 Drivers/STM32L4xx_HAL_Driver/Src/stm32l4xx_hal_i2c_ex.o
 .debug_frame   0x00000000000024a8      0x230 Drivers/STM32L4xx_HAL_Driver/Src/stm32l4xx_hal_pwr.o
 .debug_frame   0x00000000000026d8      0x484 Drivers/STM32L4xx_HAL_Driver/Src/stm32l4xx_hal_pwr_ex.o
 .debug_frame   0x0000000000002b5c      0x1f4 Drivers/STM32L4xx_HAL_Driver/Src/stm32l4xx_hal_rcc.o
 .debug_frame   0x0000000000002d50      0x3d0 Drivers/STM32L4xx_HAL_Driver/Src/stm32l4xx_hal_rcc_ex.o
 .debug_frame   0x0000000000003120      0x8fc Drivers/STM32L4xx_HAL_Driver/Src/stm32l4xx_hal_uart.o
 .debug_frame   0x0000000000003a1c       0x2c d:/program files (x86)/stm32cubeide_1.3.0/stm32cubeide/plugins/com.st.stm32cube.ide.mcu.externaltools.gnu-tools-for-stm32.7-2018-q2-update.win32_1.0.0.201904181610/tools/bin/../lib/gcc/arm-none-eabi/7.3.1/../../../../arm-none-eabi/lib/thumb/v7e-m/fpv4-sp/hard\libc_nano.a(lib_a-init.o)
 .debug_frame   0x0000000000003a48       0x20 d:/program files (x86)/stm32cubeide_1.3.0/stm32cubeide/plugins/com.st.stm32cube.ide.mcu.externaltools.gnu-tools-for-stm32.7-2018-q2-update.win32_1.0.0.201904181610/tools/bin/../lib/gcc/arm-none-eabi/7.3.1/../../../../arm-none-eabi/lib/thumb/v7e-m/fpv4-sp/hard\libc_nano.a(lib_a-memset.o)
 .debug_frame   0x0000000000003a68       0x2c d:/program files (x86)/stm32cubeide_1.3.0/stm32cubeide/plugins/com.st.stm32cube.ide.mcu.externaltools.gnu-tools-for-stm32.7-2018-q2-update.win32_1.0.0.201904181610/tools/bin/../lib/gcc/arm-none-eabi/7.3.1/thumb/v7e-m/fpv4-sp/hard\libgcc.a(_aeabi_uldivmod.o)
 .debug_frame   0x0000000000003a94       0x34 d:/program files (x86)/stm32cubeide_1.3.0/stm32cubeide/plugins/com.st.stm32cube.ide.mcu.externaltools.gnu-tools-for-stm32.7-2018-q2-update.win32_1.0.0.201904181610/tools/bin/../lib/gcc/arm-none-eabi/7.3.1/thumb/v7e-m/fpv4-sp/hard\libgcc.a(_udivmoddi4.o)
