Archive member included to satisfy reference by file (symbol)

d:/stm32cubeide_1.3.0/stm32cubeide/plugins/com.st.stm32cube.ide.mcu.externaltools.gnu-tools-for-stm32.7-2018-q2-update.win32_1.0.0.201904181610/tools/bin/../lib/gcc/arm-none-eabi/7.3.1/../../../../arm-none-eabi/lib/thumb/v7e-m/fpv4-sp/hard\libc_nano.a(lib_a-errno.o)
                              Core/Src/syscalls.o (__errno)
d:/stm32cubeide_1.3.0/stm32cubeide/plugins/com.st.stm32cube.ide.mcu.externaltools.gnu-tools-for-stm32.7-2018-q2-update.win32_1.0.0.201904181610/tools/bin/../lib/gcc/arm-none-eabi/7.3.1/../../../../arm-none-eabi/lib/thumb/v7e-m/fpv4-sp/hard\libc_nano.a(lib_a-exit.o)
                              d:/stm32cubeide_1.3.0/stm32cubeide/plugins/com.st.stm32cube.ide.mcu.externaltools.gnu-tools-for-stm32.7-2018-q2-update.win32_1.0.0.201904181610/tools/bin/../lib/gcc/arm-none-eabi/7.3.1/../../../../arm-none-eabi/lib/thumb/v7e-m/fpv4-sp/hard/crt0.o (exit)
d:/stm32cubeide_1.3.0/stm32cubeide/plugins/com.st.stm32cube.ide.mcu.externaltools.gnu-tools-for-stm32.7-2018-q2-update.win32_1.0.0.201904181610/tools/bin/../lib/gcc/arm-none-eabi/7.3.1/../../../../arm-none-eabi/lib/thumb/v7e-m/fpv4-sp/hard\libc_nano.a(lib_a-impure.o)
                              d:/stm32cubeide_1.3.0/stm32cubeide/plugins/com.st.stm32cube.ide.mcu.externaltools.gnu-tools-for-stm32.7-2018-q2-update.win32_1.0.0.201904181610/tools/bin/../lib/gcc/arm-none-eabi/7.3.1/../../../../arm-none-eabi/lib/thumb/v7e-m/fpv4-sp/hard\libc_nano.a(lib_a-exit.o) (_global_impure_ptr)
d:/stm32cubeide_1.3.0/stm32cubeide/plugins/com.st.stm32cube.ide.mcu.externaltools.gnu-tools-for-stm32.7-2018-q2-update.win32_1.0.0.201904181610/tools/bin/../lib/gcc/arm-none-eabi/7.3.1/../../../../arm-none-eabi/lib/thumb/v7e-m/fpv4-sp/hard\libc_nano.a(lib_a-init.o)
                              d:/stm32cubeide_1.3.0/stm32cubeide/plugins/com.st.stm32cube.ide.mcu.externaltools.gnu-tools-for-stm32.7-2018-q2-update.win32_1.0.0.201904181610/tools/bin/../lib/gcc/arm-none-eabi/7.3.1/../../../../arm-none-eabi/lib/thumb/v7e-m/fpv4-sp/hard/crt0.o (__libc_init_array)
d:/stm32cubeide_1.3.0/stm32cubeide/plugins/com.st.stm32cube.ide.mcu.externaltools.gnu-tools-for-stm32.7-2018-q2-update.win32_1.0.0.201904181610/tools/bin/../lib/gcc/arm-none-eabi/7.3.1/../../../../arm-none-eabi/lib/thumb/v7e-m/fpv4-sp/hard\libc_nano.a(lib_a-memmove.o)
                              Core/Src/ssd1306_tests.o (memmove)
d:/stm32cubeide_1.3.0/stm32cubeide/plugins/com.st.stm32cube.ide.mcu.externaltools.gnu-tools-for-stm32.7-2018-q2-update.win32_1.0.0.201904181610/tools/bin/../lib/gcc/arm-none-eabi/7.3.1/../../../../arm-none-eabi/lib/thumb/v7e-m/fpv4-sp/hard\libc_nano.a(lib_a-memset.o)
                              d:/stm32cubeide_1.3.0/stm32cubeide/plugins/com.st.stm32cube.ide.mcu.externaltools.gnu-tools-for-stm32.7-2018-q2-update.win32_1.0.0.201904181610/tools/bin/../lib/gcc/arm-none-eabi/7.3.1/../../../../arm-none-eabi/lib/thumb/v7e-m/fpv4-sp/hard/crt0.o (memset)
d:/stm32cubeide_1.3.0/stm32cubeide/plugins/com.st.stm32cube.ide.mcu.externaltools.gnu-tools-for-stm32.7-2018-q2-update.win32_1.0.0.201904181610/tools/bin/../lib/gcc/arm-none-eabi/7.3.1/../../../../arm-none-eabi/lib/thumb/v7e-m/fpv4-sp/hard\libc_nano.a(lib_a-snprintf.o)
                              Core/Src/ssd1306_tests.o (snprintf)
d:/stm32cubeide_1.3.0/stm32cubeide/plugins/com.st.stm32cube.ide.mcu.externaltools.gnu-tools-for-stm32.7-2018-q2-update.win32_1.0.0.201904181610/tools/bin/../lib/gcc/arm-none-eabi/7.3.1/../../../../arm-none-eabi/lib/thumb/v7e-m/fpv4-sp/hard\libc_nano.a(lib_a-strlen.o)
                              Core/Src/main.o (strlen)
d:/stm32cubeide_1.3.0/stm32cubeide/plugins/com.st.stm32cube.ide.mcu.externaltools.gnu-tools-for-stm32.7-2018-q2-update.win32_1.0.0.201904181610/tools/bin/../lib/gcc/arm-none-eabi/7.3.1/../../../../arm-none-eabi/lib/thumb/v7e-m/fpv4-sp/hard\libc_nano.a(lib_a-nano-svfprintf.o)
                              d:/stm32cubeide_1.3.0/stm32cubeide/plugins/com.st.stm32cube.ide.mcu.externaltools.gnu-tools-for-stm32.7-2018-q2-update.win32_1.0.0.201904181610/tools/bin/../lib/gcc/arm-none-eabi/7.3.1/../../../../arm-none-eabi/lib/thumb/v7e-m/fpv4-sp/hard\libc_nano.a(lib_a-snprintf.o) (_svfprintf_r)
d:/stm32cubeide_1.3.0/stm32cubeide/plugins/com.st.stm32cube.ide.mcu.externaltools.gnu-tools-for-stm32.7-2018-q2-update.win32_1.0.0.201904181610/tools/bin/../lib/gcc/arm-none-eabi/7.3.1/../../../../arm-none-eabi/lib/thumb/v7e-m/fpv4-sp/hard\libc_nano.a(lib_a-nano-vfprintf_i.o)
                              d:/stm32cubeide_1.3.0/stm32cubeide/plugins/com.st.stm32cube.ide.mcu.externaltools.gnu-tools-for-stm32.7-2018-q2-update.win32_1.0.0.201904181610/tools/bin/../lib/gcc/arm-none-eabi/7.3.1/../../../../arm-none-eabi/lib/thumb/v7e-m/fpv4-sp/hard\libc_nano.a(lib_a-nano-svfprintf.o) (_printf_i)
[...]
Memory Configuration

Name             Origin             Length             Attributes
RAM              0x0000000020000000 0x0000000000010000 xrw
FLASH            0x0000000008000000 0x0000000000040000 xr
*default*        0x0000000000000000 0xffffffffffffffff

Linker script and memory map

LOAD d:/stm32cubeide_1.3.0/stm32cubeide/plugins/com.st.stm32cube.ide.mcu.externaltools.gnu-tools-for-stm32.7-2018-q2-update.win32_1.0.0.201904181610/tools/bin/../lib/gcc/arm-none-eabi/7.3.1/thumb/v7e-m/fpv4-sp/hard/crti.o
LOAD d:/stm32cubeide_1.3.0/stm32cubeide/plugins/com.st.stm32cube.ide.mcu.externaltools.gnu-tools-for-stm32.7-2018-q2-update.win32_1.0.0.201904181610/tools/bin/../lib/gcc/arm-none-eabi/7.3.1/thumb/v7e-m/fpv4-sp/hard/crtbegin.o
LOAD d:/stm32cubeide_1.3.0/stm32cubeide/plugins/com.st.stm32cube.ide.mcu.externaltools.gnu-tools-for-stm32.7-2018-q2-update.win32_1.0.0.201904181610/tools/bin/../lib/gcc/arm-none-eabi/7.3.1/../../../../arm-none-eabi/lib/thumb/v7e-m/fpv4-sp/hard/crt0.o
LOAD Core/Src/main.o
LOAD Core/Src/ssd1306.o
LOAD Core/Src/ssd1306_fonts.o
LOAD Core/Src/ssd1306_tests.o
LOAD Core/Src/stm32l4xx_hal_msp.o
LOAD Core/Src/stm32l4xx_it.o
LOAD Core/Src/syscalls.o
LOAD Core/Src/sysmem.o
LOAD Core/Src/system_stm32l4xx.o
LOAD Core/Startup/startup_stm32l432kcux.o
LOAD Drivers/STM32L4xx_HAL_Driver/Src/stm32l4xx_hal.o
LOAD Drivers/STM32L4xx_HAL_Driver/Src/stm32l4xx_hal_cortex.o
LOAD Drivers/STM32L4xx_HAL_Driver/Src/stm32l4xx_hal_dma.o
LOAD Drivers/STM32L4xx_HAL_Driver/Src/stm32l4xx_hal_dma_ex.o
LOAD Drivers/STM32L4xx_HAL_Driver/Src/stm32l4xx_hal_exti.o
LOAD Drivers/STM32L4xx_HAL_Driver/Src/stm32l4xx_hal_flash.o
LOAD Drivers/STM32L4xx_HAL_Driver/Src/stm32l4xx_hal_flash_ex.o
LOAD Drivers/STM32L4xx_HAL_Driver/Src/stm32l4xx_hal_flash_ramfunc.o
LOAD Drivers/STM32L4xx_HAL_Driver/Src/stm32l4xx_hal_gpio.o
LOAD Drivers/STM32L4xx_HAL_Driver/Src/stm32l4xx_hal_i2c.o
LOAD Drivers/STM32L4xx_HAL_Driver/Src/stm32l4xx_hal_i2c_ex.o
LOAD Drivers/STM32L4xx_HAL_Driver/Src/stm32l4xx_hal_pwr.o
LOAD Drivers/STM32L4xx_HAL_Driver/Src/stm32l4xx_hal_pwr_ex.o
LOAD Drivers/STM32L4xx_HAL_Driver/Src/stm32l4xx_hal_rcc.o
LOAD Drivers/STM32L4xx_HAL_Driver/Src/stm32l4xx_hal_rcc_ex.o
LOAD Drivers/STM32L4xx_HAL_Driver/Src/stm32l4xx_hal_tim.o
LOAD Drivers/STM32L4xx_HAL_Driver/Src/stm32l4xx_hal_tim_ex.o
LOAD Drivers/STM32L4xx_HAL_Driver/Src/stm32l4xx_hal_uart.o
LOAD Drivers/STM32L4xx_HAL_Driver/Src/stm32l4xx_hal_uart_ex.o
START GROUP
LOAD d:/stm32cubeide_1.3.0/stm32cubeide/plugins/com.st.stm32cube.ide.mcu.externaltools.gnu-tools-for-stm32.7-2018-q2-update.win32_1.0.0.201904181610/tools/bin/../lib/gcc/arm-none-eabi/7.3.1/../../../../arm-none-eabi/lib/thumb/v7e-m/fpv4-sp/hard\libc_nano.a
LOAD d:/stm32cubeide_1.3.0/stm32cubeide/plugins/com.st.stm32cube.ide.mcu.externaltools.gnu-tools-for-stm32.7-2018-q2-update.win32_1.0.0.201904181610/tools/bin/../lib/gcc/arm-none-eabi/7.3.1/../../../../arm-none-eabi/lib/thumb/v7e-m/fpv4-sp/hard\libm.a
END GROUP
START GROUP
LOAD d:/stm32cubeide_1.3.0/stm32cubeide/plugins/com.st.stm32cube.ide.mcu.externaltools.gnu-tools-for-stm32.7-2018-q2-update.win32_1.0.0.201904181610/tools/bin/../lib/gcc/arm-none-eabi/7.3.1/thumb/v7e-m/fpv4-sp/hard\libgcc.a
LOAD d:/stm32cubeide_1.3.0/stm32cubeide/plugins/com.st.stm32cube.ide.mcu.externaltools.gnu-tools-for-stm32.7-2018-q2-update.win32_1.0.0.201904181610/tools/bin/../lib/gcc/arm-none-eabi/7.3.1/../../../../arm-none-eabi/lib/thumb/v7e-m/fpv4-sp/hard\libc_nano.a
END GROUP
START GROUP
LOAD d:/stm32cubeide_1.3.0/stm32cubeide/plugins/com.st.stm32cube.ide.mcu.externaltools.gnu-tools-for-stm32.7-2018-q2-update.win32_1.0.0.201904181610/tools/bin/../lib/gcc/arm-none-eabi/7.3.1/thumb/v7e-m/fpv4-sp/hard\libgcc.a
LOAD d:/stm32cubeide_1.3.0/stm32cubeide/plugins/com.st.stm32cube.ide.mcu.externaltools.gnu-tools-for-stm32.7-2018-q2-update.win32_1.0.0.201904181610/tools/bin/../lib/gcc/arm-none-eabi/7.3.1/../../../../arm-none-eabi/lib/thumb/v7e-m/fpv4-sp/hard\libc_nano.a
LOAD d:/stm32cubeide_1.3.0/stm32cubeide/plugins/com.st.stm32cube.ide.mcu.externaltools.gnu-tools-for-stm32.7-2018-q2-update.win32_1.0.0.201904181610/tools/bin/../lib/gcc/arm-none-eabi/7.3.1/../../../../arm-none-eabi/lib/thumb/v7e-m/fpv4-sp/hard\libnosys.a
END GROUP
START GROUP
LOAD d:/stm32cubeide_1.3.0/stm32cubeide/plugins/com.st.stm32cube.ide.mcu.externaltools.gnu-tools-for-stm32.7-2018-q2-update.win32_1.0.0.201904181610/tools/bin/../lib/gcc/arm-none-eabi/7.3.1/thumb/v7e-m/fpv4-sp/hard\libgcc.a
LOAD d:/stm32cubeide_1.3.0/stm32cubeide/plugins/com.st.stm32cube.ide.mcu.externaltools.gnu-tools-for-stm32.7-2018-q2-update.win32_1.0.0.201904181610/tools/bin/../lib/gcc/arm-none-eabi/7.3.1/../../../../arm-none-eabi/lib/thumb/v7e-m/fpv4-sp/hard\libc_nano.a
LOAD d:/stm32cubeide_1.3.0/stm32cubeide/plugins/com.st.stm32cube.ide.mcu.externaltools.gnu-tools-for-stm32.7-2018-q2-update.win32_1.0.0.201904181610/tools/bin/../lib/gcc/arm-none-eabi/7.3.1/../../../../arm-none-eabi/lib/thumb/v7e-m/fpv4-sp/hard\libnosys.a
END GROUP
LOAD d:/stm32cubeide_1.3.0/stm32cubeide/plugins/com.st.stm32cube.ide.mcu.externaltools.gnu-tools-for-stm32.7-2018-q2-update.win32_1.0.0.201904181610/tools/bin/../lib/gcc/arm-none-eabi/7.3.1/thumb/v7e-m/fpv4-sp/hard/crtend.o
LOAD d:/stm32cubeide_1.3.0/stm32cubeide/plugins/com.st.stm32cube.ide.mcu.externaltools.gnu-tools-for-stm32.7-2018-q2-update.win32_1.0.0.201904181610/tools/bin/../lib/gcc/arm-none-eabi/7.3.1/thumb/v7e-m/fpv4-sp/hard/crtn.o
                0x0000000020010000                _estack = (ORIGIN (RAM) + LENGTH (RAM))
                0x0000000000000200                _Min_Heap_Size = 0x200
                0x0000000000000400                _Min_Stack_Size = 0x400

.isr_vector     0x0000000008000000      0x18c
                0x0000000008000000                . = ALIGN (0x4)
 *(.isr_vector)
 .isr_vector    0x0000000008000000      0x18c Core/Startup/startup_stm32l432kcux.o
                0x0000000008000000                g_pfnVectors
                0x000000000800018c                . = ALIGN (0x4)

.text           0x000000000800018c     0x3a0c
                0x000000000800018c                . = ALIGN (0x4)
 *(.text)
 .text          0x000000000800018c       0x40 d:/stm32cubeide_1.3.0/stm32cubeide/plugins/com.st.stm32cube.ide.mcu.externaltools.gnu-tools-for-stm32.7-2018-q2-update.win32_1.0.0.201904181610/tools/bin/../lib/gcc/arm-none-eabi/7.3.1/thumb/v7e-m/fpv4-sp/hard/crtbegin.o
 .text          0x00000000080001cc       0x10 d:/stm32cubeide_1.3.0/stm32cubeide/plugins/com.st.stm32cube.ide.mcu.externaltools.gnu-tools-for-stm32.7-2018-q2-update.win32_1.0.0.201904181610/tools/bin/../lib/gcc/arm-none-eabi/7.3.1/../../../../arm-none-eabi/lib/thumb/v7e-m/fpv4-sp/hard\libc_nano.a(lib_a-strlen.o)
                0x00000000080001cc                strlen
 .text          0x00000000080001dc       0x30 d:/stm32cubeide_1.3.0/stm32cubeide/plugins/com.st.stm32cube.ide.mcu.externaltools.gnu-tools-for-stm32.7-2018-q2-update.win32_1.0.0.201904181610/tools/bin/../lib/gcc/arm-none-eabi/7.3.1/thumb/v7e-m/fpv4-sp/hard\libgcc.a(_aeabi_uldivmod.o)
                0x00000000080001dc                __aeabi_uldivmod
 .text          0x000000000800020c      0x2cc d:/stm32cubeide_1.3.0/stm32cubeide/plugins/com.st.stm32cube.ide.mcu.externaltools.gnu-tools-for-stm32.7-2018-q2-update.win32_1.0.0.201904181610/tools/bin/../lib/gcc/arm-none-eabi/7.3.1/thumb/v7e-m/fpv4-sp/hard\libgcc.a(_udivmoddi4.o)
                0x000000000800020c                __udivmoddi4
 .text          0x00000000080004d8        0x4 d:/stm32cubeide_1.3.0/stm32cubeide/plugins/com.st.stm32cube.ide.mcu.externaltools.gnu-tools-for-stm32.7-2018-q2-update.win32_1.0.0.201904181610/tools/bin/../lib/gcc/arm-none-eabi/7.3.1/thumb/v7e-m/fpv4-sp/hard\libgcc.a(_dvmd_tls.o)
                0x00000000080004d8                __aeabi_idiv0
                0x00000000080004d8                __aeabi_ldiv0
 *(.text*)
 .text.init     0x00000000080004dc        0xe Core/Src/main.o
                0x00000000080004dc                init
 *fill*         0x00000000080004ea        0x2 
 .text.main     0x00000000080004ec      0x100 Core/Src/main.o
                0x00000000080004ec                main
 .text.SystemClock_Config
                0x00000000080005ec      0x108 Core/Src/main.o
                0x00000000080005ec                SystemClock_Config
 .text.MX_I2C1_Init
                0x00000000080006f4       0x80 Core/Src/main.o
 .text.MX_USART2_UART_Init
                0x0000000008000774       0x60 Core/Src/main.o
 .text.MX_GPIO_Init
                0x00000000080007d4       0x94 Core/Src/main.o
 .text.dropblock
                0x0000000008000868       0xe8 Core/Src/main.o
                0x0000000008000868                dropblock
 .text.placeblock
                0x0000000008000950       0x7a Core/Src/main.o
                0x0000000008000950                placeblock
 .text.printLCD
                0x00000000080009ca       0xfe Core/Src/main.o
                0x00000000080009ca                printLCD
 .text.FillArr  0x0000000008000ac8       0x5c Core/Src/main.o
                0x0000000008000ac8                FillArr
 .text.newblock
                0x0000000008000b24      0x148 Core/Src/main.o
                0x0000000008000b24                newblock
 .text.Error_Handler
                0x0000000008000c6c        0xe Core/Src/main.o
                0x0000000008000c6c                Error_Handler
 *fill*         0x0000000008000c7a        0x2 
 .text.ssd1306_WriteCommand
                0x0000000008000c7c       0x30 Core/Src/ssd1306.o
                0x0000000008000c7c                ssd1306_WriteCommand
 .text.ssd1306_WriteData
                0x0000000008000cac       0x34 Core/Src/ssd1306.o
                0x0000000008000cac                ssd1306_WriteData
 .text.ssd1306_Fill
                0x0000000008000ce0       0x44 Core/Src/ssd1306.o
                0x0000000008000ce0                ssd1306_Fill
 .text.ssd1306_UpdateScreen
                0x0000000008000d24       0x4c Core/Src/ssd1306.o
                0x0000000008000d24                ssd1306_UpdateScreen
 .text.ssd1306_DrawPixel
                0x0000000008000d70       0xc0 Core/Src/ssd1306.o
                0x0000000008000d70                ssd1306_DrawPixel
 .text.HAL_MspInit
                0x0000000008000e30       0x48 Core/Src/stm32l4xx_hal_msp.o
                0x0000000008000e30                HAL_MspInit
 .text.HAL_I2C_MspInit
                0x0000000008000e78       0x88 Core/Src/stm32l4xx_hal_msp.o
                0x0000000008000e78                HAL_I2C_MspInit
 .text.HAL_UART_MspInit
                0x0000000008000f00       0xa8 Core/Src/stm32l4xx_hal_msp.o
                0x0000000008000f00                HAL_UART_MspInit
 .text.NMI_Handler
                0x0000000008000fa8        0xe Core/Src/stm32l4xx_it.o
                0x0000000008000fa8                NMI_Handler
 .text.HardFault_Handler
                0x0000000008000fb6        0x6 Core/Src/stm32l4xx_it.o
                0x0000000008000fb6                HardFault_Handler
 .text.MemManage_Handler
                0x0000000008000fbc        0x6 Core/Src/stm32l4xx_it.o
                0x0000000008000fbc                MemManage_Handler
 .text.BusFault_Handler
                0x0000000008000fc2        0x6 Core/Src/stm32l4xx_it.o
                0x0000000008000fc2                BusFault_Handler
 .text.UsageFault_Handler
                0x0000000008000fc8        0x6 Core/Src/stm32l4xx_it.o
                0x0000000008000fc8                UsageFault_Handler
 .text.SVC_Handler
                0x0000000008000fce        0xe Core/Src/stm32l4xx_it.o
                0x0000000008000fce                SVC_Handler
 .text.DebugMon_Handler
                0x0000000008000fdc        0xe Core/Src/stm32l4xx_it.o
                0x0000000008000fdc                DebugMon_Handler
 .text.PendSV_Handler
                0x0000000008000fea        0xe Core/Src/stm32l4xx_it.o
                0x0000000008000fea                PendSV_Handler
 .text.SysTick_Handler
                0x0000000008000ff8        0xc Core/Src/stm32l4xx_it.o
                0x0000000008000ff8                SysTick_Handler
 .text.SystemInit
                0x0000000008001004       0x6c Core/Src/system_stm32l4xx.o
                0x0000000008001004                SystemInit
 .text.Reset_Handler
                0x0000000008001070       0x50 Core/Startup/startup_stm32l432kcux.o
                0x0000000008001070                Reset_Handler
 .text.Default_Handler
                0x00000000080010c0        0x2 Core/Startup/startup_stm32l432kcux.o
                0x00000000080010c0                RTC_Alarm_IRQHandler
                0x00000000080010c0                EXTI2_IRQHandler
                0x00000000080010c0                TIM1_CC_IRQHandler
                0x00000000080010c0                TSC_IRQHandler
                0x00000000080010c0                TAMP_STAMP_IRQHandler
                0x00000000080010c0                EXTI3_IRQHandler
                0x00000000080010c0                LPTIM2_IRQHandler
                0x00000000080010c0                I2C3_ER_IRQHandler
                0x00000000080010c0                EXTI0_IRQHandler
                0x00000000080010c0                CAN1_RX0_IRQHandler
                0x00000000080010c0                FPU_IRQHandler
                0x00000000080010c0                TIM1_UP_TIM16_IRQHandler
                0x00000000080010c0                SPI1_IRQHandler
                0x00000000080010c0                TIM6_DAC_IRQHandler
                0x00000000080010c0                DMA2_Channel2_IRQHandler
                0x00000000080010c0                DMA1_Channel4_IRQHandler
                0x00000000080010c0                ADC1_IRQHandler
                0x00000000080010c0                DMA1_Channel7_IRQHandler
                0x00000000080010c0                CAN1_RX1_IRQHandler
                0x00000000080010c0                DMA2_Channel1_IRQHandler
                0x00000000080010c0                QUADSPI_IRQHandler
                0x00000000080010c0                I2C1_EV_IRQHandler
                0x00000000080010c0                DMA1_Channel6_IRQHandler
                0x00000000080010c0                DMA2_Channel4_IRQHandler
                0x00000000080010c0                RCC_IRQHandler
                0x00000000080010c0                TIM1_TRG_COM_IRQHandler
                0x00000000080010c0                DMA1_Channel1_IRQHandler
                0x00000000080010c0                Default_Handler
                0x00000000080010c0                DMA2_Channel7_IRQHandler
                0x00000000080010c0                EXTI15_10_IRQHandler
                0x00000000080010c0                TIM7_IRQHandler
                0x00000000080010c0                I2C3_EV_IRQHandler
                0x00000000080010c0                USB_IRQHandler
                0x00000000080010c0                EXTI9_5_IRQHandler
                0x00000000080010c0                RTC_WKUP_IRQHandler
                0x00000000080010c0                PVD_PVM_IRQHandler
                0x00000000080010c0                CAN1_TX_IRQHandler
                0x00000000080010c0                DMA2_Channel5_IRQHandler
                0x00000000080010c0                CRS_IRQHandler
                0x00000000080010c0                DMA1_Channel5_IRQHandler
                0x00000000080010c0                EXTI4_IRQHandler
                0x00000000080010c0                RNG_IRQHandler
                0x00000000080010c0                DMA1_Channel3_IRQHandler
                0x00000000080010c0                COMP_IRQHandler
                0x00000000080010c0                WWDG_IRQHandler
                0x00000000080010c0                LPUART1_IRQHandler
                0x00000000080010c0                DMA2_Channel6_IRQHandler
                0x00000000080010c0                TIM2_IRQHandler
                0x00000000080010c0                EXTI1_IRQHandler
                0x00000000080010c0                USART2_IRQHandler
                0x00000000080010c0                DMA1_Channel2_IRQHandler
                0x00000000080010c0                CAN1_SCE_IRQHandler
                0x00000000080010c0                FLASH_IRQHandler
                0x00000000080010c0                USART1_IRQHandler
                0x00000000080010c0                SPI3_IRQHandler
                0x00000000080010c0                I2C1_ER_IRQHandler
                0x00000000080010c0                SWPMI1_IRQHandler
                0x00000000080010c0                LPTIM1_IRQHandler
                0x00000000080010c0                SAI1_IRQHandler
                0x00000000080010c0                DMA2_Channel3_IRQHandler
                0x00000000080010c0                TIM1_BRK_TIM15_IRQHandler
 .text.HAL_Init
                0x00000000080010c2       0x30 Drivers/STM32L4xx_HAL_Driver/Src/stm32l4xx_hal.o
                0x00000000080010c2                HAL_Init
 *fill*         0x00000000080010f2        0x2 
 .text.HAL_InitTick
                0x00000000080010f4       0x74 Drivers/STM32L4xx_HAL_Driver/Src/stm32l4xx_hal.o
                0x00000000080010f4                HAL_InitTick
 .text.HAL_IncTick
                0x0000000008001168       0x24 Drivers/STM32L4xx_HAL_Driver/Src/stm32l4xx_hal.o
                0x0000000008001168                HAL_IncTick
 .text.HAL_GetTick
                0x000000000800118c       0x18 Drivers/STM32L4xx_HAL_Driver/Src/stm32l4xx_hal.o
                0x000000000800118c                HAL_GetTick
 .text.HAL_Delay
                0x00000000080011a4       0x44 Drivers/STM32L4xx_HAL_Driver/Src/stm32l4xx_hal.o
                0x00000000080011a4                HAL_Delay
 .text.__NVIC_SetPriorityGrouping
                0x00000000080011e8       0x48 Drivers/STM32L4xx_HAL_Driver/Src/stm32l4xx_hal_cortex.o
 .text.__NVIC_GetPriorityGrouping
                0x0000000008001230       0x1c Drivers/STM32L4xx_HAL_Driver/Src/stm32l4xx_hal_cortex.o
 .text.__NVIC_SetPriority
                0x000000000800124c       0x54 Drivers/STM32L4xx_HAL_Driver/Src/stm32l4xx_hal_cortex.o
 .text.NVIC_EncodePriority
                0x00000000080012a0       0x66 Drivers/STM32L4xx_HAL_Driver/Src/stm32l4xx_hal_cortex.o
 *fill*         0x0000000008001306        0x2 
 .text.SysTick_Config
                0x0000000008001308       0x44 Drivers/STM32L4xx_HAL_Driver/Src/stm32l4xx_hal_cortex.o
 .text.HAL_NVIC_SetPriorityGrouping
                0x000000000800134c       0x16 Drivers/STM32L4xx_HAL_Driver/Src/stm32l4xx_hal_cortex.o
                0x000000000800134c                HAL_NVIC_SetPriorityGrouping
 .text.HAL_NVIC_SetPriority
                0x0000000008001362       0x38 Drivers/STM32L4xx_HAL_Driver/Src/stm32l4xx_hal_cortex.o
                0x0000000008001362                HAL_NVIC_SetPriority
 .text.HAL_SYSTICK_Config
                0x000000000800139a       0x18 Drivers/STM32L4xx_HAL_Driver/Src/stm32l4xx_hal_cortex.o
                0x000000000800139a                HAL_SYSTICK_Config
 *fill*         0x00000000080013b2        0x2 
 .text.HAL_GPIO_Init
                0x00000000080013b4      0x2d4 Drivers/STM32L4xx_HAL_Driver/Src/stm32l4xx_hal_gpio.o
                0x00000000080013b4                HAL_GPIO_Init
 .text.HAL_GPIO_WritePin
                0x0000000008001688       0x30 Drivers/STM32L4xx_HAL_Driver/Src/stm32l4xx_hal_gpio.o
                0x0000000008001688                HAL_GPIO_WritePin
 .text.HAL_I2C_Init
                0x00000000080016b8      0x11e Drivers/STM32L4xx_HAL_Driver/Src/stm32l4xx_hal_i2c.o
                0x00000000080016b8                HAL_I2C_Init
 *fill*         0x00000000080017d6        0x2 
 .text.HAL_I2C_Mem_Write
                0x00000000080017d8      0x228 Drivers/STM32L4xx_HAL_Driver/Src/stm32l4xx_hal_i2c.o
                0x00000000080017d8                HAL_I2C_Mem_Write
 .text.I2C_RequestMemoryWrite
                0x0000000008001a00       0xa8 Drivers/STM32L4xx_HAL_Driver/Src/stm32l4xx_hal_i2c.o
 .text.I2C_Flush_TXDR
                0x0000000008001aa8       0x48 Drivers/STM32L4xx_HAL_Driver/Src/stm32l4xx_hal_i2c.o
 .text.I2C_WaitOnFlagUntilTimeout
                0x0000000008001af0       0x80 Drivers/STM32L4xx_HAL_Driver/Src/stm32l4xx_hal_i2c.o
 .text.I2C_WaitOnTXISFlagUntilTimeout
                0x0000000008001b70       0x80 Drivers/STM32L4xx_HAL_Driver/Src/stm32l4xx_hal_i2c.o
 .text.I2C_WaitOnSTOPFlagUntilTimeout
                0x0000000008001bf0       0x78 Drivers/STM32L4xx_HAL_Driver/Src/stm32l4xx_hal_i2c.o
 .text.I2C_IsAcknowledgeFailed
                0x0000000008001c68       0xcc Drivers/STM32L4xx_HAL_Driver/Src/stm32l4xx_hal_i2c.o
 .text.I2C_TransferConfig
                0x0000000008001d34       0x5c Drivers/STM32L4xx_HAL_Driver/Src/stm32l4xx_hal_i2c.o
 .text.HAL_I2CEx_ConfigAnalogFilter
                0x0000000008001d90       0x96 Drivers/STM32L4xx_HAL_Driver/Src/stm32l4xx_hal_i2c_ex.o
                0x0000000008001d90                HAL_I2CEx_ConfigAnalogFilter
 .text.HAL_I2CEx_ConfigDigitalFilter
                0x0000000008001e26       0x98 Drivers/STM32L4xx_HAL_Driver/Src/stm32l4xx_hal_i2c_ex.o
                0x0000000008001e26                HAL_I2CEx_ConfigDigitalFilter
 *fill*         0x0000000008001ebe        0x2 
 .text.HAL_PWR_EnableBkUpAccess
                0x0000000008001ec0       0x20 Drivers/STM32L4xx_HAL_Driver/Src/stm32l4xx_hal_pwr.o
                0x0000000008001ec0                HAL_PWR_EnableBkUpAccess
 .text.HAL_PWREx_GetVoltageRange
                0x0000000008001ee0       0x1c Drivers/STM32L4xx_HAL_Driver/Src/stm32l4xx_hal_pwr_ex.o
                0x0000000008001ee0                HAL_PWREx_GetVoltageRange
 .text.HAL_PWREx_ControlVoltageScaling
                0x0000000008001efc       0xac Drivers/STM32L4xx_HAL_Driver/Src/stm32l4xx_hal_pwr_ex.o
                0x0000000008001efc                HAL_PWREx_ControlVoltageScaling
 .text.HAL_RCC_OscConfig
                0x0000000008001fa8      0x7dc Drivers/STM32L4xx_HAL_Driver/Src/stm32l4xx_hal_rcc.o
                0x0000000008001fa8                HAL_RCC_OscConfig
 .text.HAL_RCC_ClockConfig
                0x0000000008002784      0x1c4 Drivers/STM32L4xx_HAL_Driver/Src/stm32l4xx_hal_rcc.o
                0x0000000008002784                HAL_RCC_ClockConfig
 .text.HAL_RCC_GetSysClockFreq
                0x0000000008002948      0x114 Drivers/STM32L4xx_HAL_Driver/Src/stm32l4xx_hal_rcc.o
                0x0000000008002948                HAL_RCC_GetSysClockFreq
 .text.HAL_RCC_GetHCLKFreq
                0x0000000008002a5c       0x18 Drivers/STM32L4xx_HAL_Driver/Src/stm32l4xx_hal_rcc.o
                0x0000000008002a5c                HAL_RCC_GetHCLKFreq
 .text.HAL_RCC_GetPCLK1Freq
                0x0000000008002a74       0x2c Drivers/STM32L4xx_HAL_Driver/Src/stm32l4xx_hal_rcc.o
                0x0000000008002a74                HAL_RCC_GetPCLK1Freq
 .text.HAL_RCC_GetPCLK2Freq
                0x0000000008002aa0       0x2c Drivers/STM32L4xx_HAL_Driver/Src/stm32l4xx_hal_rcc.o
                0x0000000008002aa0                HAL_RCC_GetPCLK2Freq
 .text.RCC_SetFlashLatencyFromMSIRange
                0x0000000008002acc       0xc0 Drivers/STM32L4xx_HAL_Driver/Src/stm32l4xx_hal_rcc.o
 .text.HAL_RCCEx_PeriphCLKConfig
                0x0000000008002b8c      0x3e4 Drivers/STM32L4xx_HAL_Driver/Src/stm32l4xx_hal_rcc_ex.o
                0x0000000008002b8c                HAL_RCCEx_PeriphCLKConfig
 .text.HAL_RCCEx_EnableMSIPLLMode
                0x0000000008002f70       0x20 Drivers/STM32L4xx_HAL_Driver/Src/stm32l4xx_hal_rcc_ex.o
                0x0000000008002f70                HAL_RCCEx_EnableMSIPLLMode
 .text.RCCEx_PLLSAI1_Config
                0x0000000008002f90      0x1e0 Drivers/STM32L4xx_HAL_Driver/Src/stm32l4xx_hal_rcc_ex.o
 .text.HAL_UART_Init
                0x0000000008003170       0x9c Drivers/STM32L4xx_HAL_Driver/Src/stm32l4xx_hal_uart.o
                0x0000000008003170                HAL_UART_Init
 .text.HAL_UART_Transmit
                0x000000000800320c      0x126 Drivers/STM32L4xx_HAL_Driver/Src/stm32l4xx_hal_uart.o
                0x000000000800320c                HAL_UART_Transmit
 *fill*         0x0000000008003332        0x2 
 .text.UART_SetConfig
                0x0000000008003334      0x594 Drivers/STM32L4xx_HAL_Driver/Src/stm32l4xx_hal_uart.o
                0x0000000008003334                UART_SetConfig
 .text.UART_AdvFeatureConfig
                0x00000000080038c8      0x144 Drivers/STM32L4xx_HAL_Driver/Src/stm32l4xx_hal_uart.o
                0x00000000080038c8                UART_AdvFeatureConfig
 .text.UART_CheckIdleState
                0x0000000008003a0c       0x8a Drivers/STM32L4xx_HAL_Driver/Src/stm32l4xx_hal_uart.o
                0x0000000008003a0c                UART_CheckIdleState
 .text.UART_WaitOnFlagUntilTimeout
                0x0000000008003a96       0x90 Drivers/STM32L4xx_HAL_Driver/Src/stm32l4xx_hal_uart.o
                0x0000000008003a96                UART_WaitOnFlagUntilTimeout
 *fill*         0x0000000008003b26        0x2 
 .text.__libc_init_array
                0x0000000008003b28       0x48 d:/stm32cubeide_1.3.0/stm32cubeide/plugins/com.st.stm32cube.ide.mcu.externaltools.gnu-tools-for-stm32.7-2018-q2-update.win32_1.0.0.201904181610/tools/bin/../lib/gcc/arm-none-eabi/7.3.1/../../../../arm-none-eabi/lib/thumb/v7e-m/fpv4-sp/hard\libc_nano.a(lib_a-init.o)
                0x0000000008003b28                __libc_init_array
 .text.memset   0x0000000008003b70       0x10 d:/stm32cubeide_1.3.0/stm32cubeide/plugins/com.st.stm32cube.ide.mcu.externaltools.gnu-tools-for-stm32.7-2018-q2-update.win32_1.0.0.201904181610/tools/bin/../lib/gcc/arm-none-eabi/7.3.1/../../../../arm-none-eabi/lib/thumb/v7e-m/fpv4-sp/hard\libc_nano.a(lib_a-memset.o)
                0x0000000008003b70                memset
 *(.glue_7)
 .glue_7        0x0000000008003b80        0x0 linker stubs
 *(.glue_7t)
 .glue_7t       0x0000000008003b80        0x0 linker stubs
 *(.eh_frame)
 .eh_frame      0x0000000008003b80        0x0 d:/stm32cubeide_1.3.0/stm32cubeide/plugins/com.st.stm32cube.ide.mcu.externaltools.gnu-tools-for-stm32.7-2018-q2-update.win32_1.0.0.201904181610/tools/bin/../lib/gcc/arm-none-eabi/7.3.1/thumb/v7e-m/fpv4-sp/hard/crtbegin.o
 *(.init)
 .init          0x0000000008003b80        0x4 d:/stm32cubeide_1.3.0/stm32cubeide/plugins/com.st.stm32cube.ide.mcu.externaltools.gnu-tools-for-stm32.7-2018-q2-update.win32_1.0.0.201904181610/tools/bin/../lib/gcc/arm-none-eabi/7.3.1/thumb/v7e-m/fpv4-sp/hard/crti.o
                0x0000000008003b80                _init
 .init          0x0000000008003b84        0x8 d:/stm32cubeide_1.3.0/stm32cubeide/plugins/com.st.stm32cube.ide.mcu.externaltools.gnu-tools-for-stm32.7-2018-q2-update.win32_1.0.0.201904181610/tools/bin/../lib/gcc/arm-none-eabi/7.3.1/thumb/v7e-m/fpv4-sp/hard/crtn.o
 *(.fini)
 .fini          0x0000000008003b8c        0x4 d:/stm32cubeide_1.3.0/stm32cubeide/plugins/com.st.stm32cube.ide.mcu.externaltools.gnu-tools-for-stm32.7-2018-q2-update.win32_1.0.0.201904181610/tools/bin/../lib/gcc/arm-none-eabi/7.3.1/thumb/v7e-m/fpv4-sp/hard/crti.o
                0x0000000008003b8c                _fini
 .fini          0x0000000008003b90        0x8 d:/stm32cubeide_1.3.0/stm32cubeide/plugins/com.st.stm32cube.ide.mcu.externaltools.gnu-tools-for-stm32.7-2018-q2-update.win32_1.0.0.201904181610/tools/bin/../lib/gcc/arm-none-eabi/7.3.1/thumb/v7e-m/fpv4-sp/hard/crtn.o
                0x0000000008003b98                . = ALIGN (0x4)
                0x0000000008003b98                _etext = .

.vfp11_veneer   0x0000000008003b98        0x0
 .vfp11_veneer  0x0000000008003b98        0x0 linker stubs

.v4_bx          0x0000000008003b98        0x0
 .v4_bx         0x0000000008003b98        0x0 linker stubs

.iplt           0x0000000008003b98        0x0
 .iplt          0x0000000008003b98        0x0 d:/stm32cubeide_1.3.0/stm32cubeide/plugins/com.st.stm32cube.ide.mcu.externaltools.gnu-tools-for-stm32.7-2018-q2-update.win32_1.0.0.201904181610/tools/bin/../lib/gcc/arm-none-eabi/7.3.1/thumb/v7e-m/fpv4-sp/hard/crtbegin.o

.rodata         0x0000000008003b98       0xd0
                0x0000000008003b98                . = ALIGN (0x4)
 *(.rodata)
 .rodata        0x0000000008003b98       0x86 Core/Src/main.o
 *(.rodata*)
 *fill*         0x0000000008003c1e        0x2 
 .rodata.AHBPrescTable
                0x0000000008003c20       0x10 Core/Src/system_stm32l4xx.o
                0x0000000008003c20                AHBPrescTable
 .rodata.APBPrescTable
                0x0000000008003c30        0x8 Core/Src/system_stm32l4xx.o
                0x0000000008003c30                APBPrescTable
 .rodata.MSIRangeTable
                0x0000000008003c38       0x30 Core/Src/system_stm32l4xx.o
                0x0000000008003c38                MSIRangeTable
                0x0000000008003c68                . = ALIGN (0x4)

.ARM.extab      0x0000000008003c68        0x0
                0x0000000008003c68                . = ALIGN (0x4)
 *(.ARM.extab* .gnu.linkonce.armextab.*)
                0x0000000008003c68                . = ALIGN (0x4)

.ARM            0x0000000008003c68        0x8
                0x0000000008003c68                . = ALIGN (0x4)
                0x0000000008003c68                __exidx_start = .
 *(.ARM.exidx*)
 .ARM.exidx     0x0000000008003c68        0x8 d:/stm32cubeide_1.3.0/stm32cubeide/plugins/com.st.stm32cube.ide.mcu.externaltools.gnu-tools-for-stm32.7-2018-q2-update.win32_1.0.0.201904181610/tools/bin/../lib/gcc/arm-none-eabi/7.3.1/thumb/v7e-m/fpv4-sp/hard\libgcc.a(_udivmoddi4.o)
                0x0000000008003c70                __exidx_end = .
                0x0000000008003c70                . = ALIGN (0x4)

.rel.dyn        0x0000000008003c70        0x0
 .rel.iplt      0x0000000008003c70        0x0 d:/stm32cubeide_1.3.0/stm32cubeide/plugins/com.st.stm32cube.ide.mcu.externaltools.gnu-tools-for-stm32.7-2018-q2-update.win32_1.0.0.201904181610/tools/bin/../lib/gcc/arm-none-eabi/7.3.1/thumb/v7e-m/fpv4-sp/hard/crtbegin.o

.preinit_array  0x0000000008003c70        0x0
                0x0000000008003c70                . = ALIGN (0x4)
                0x0000000008003c70                PROVIDE (__preinit_array_start = .)
 *(.preinit_array*)
                0x0000000008003c70                PROVIDE (__preinit_array_end = .)
                0x0000000008003c70                . = ALIGN (0x4)

.init_array     0x0000000008003c70        0x4
                0x0000000008003c70                . = ALIGN (0x4)
                0x0000000008003c70                PROVIDE (__init_array_start = .)
 *(SORT_BY_NAME(.init_array.*))
 *(.init_array*)
 .init_array    0x0000000008003c70        0x4 d:/stm32cubeide_1.3.0/stm32cubeide/plugins/com.st.stm32cube.ide.mcu.externaltools.gnu-tools-for-stm32.7-2018-q2-update.win32_1.0.0.201904181610/tools/bin/../lib/gcc/arm-none-eabi/7.3.1/thumb/v7e-m/fpv4-sp/hard/crtbegin.o
                0x0000000008003c74                PROVIDE (__init_array_end = .)
                0x0000000008003c74                . = ALIGN (0x4)

.fini_array     0x0000000008003c74        0x4
                0x0000000008003c74                . = ALIGN (0x4)
                [!provide]                        PROVIDE (__fini_array_start = .)
 *(SORT_BY_NAME(.fini_array.*))
 *(.fini_array*)
 .fini_array    0x0000000008003c74        0x4 d:/stm32cubeide_1.3.0/stm32cubeide/plugins/com.st.stm32cube.ide.mcu.externaltools.gnu-tools-for-stm32.7-2018-q2-update.win32_1.0.0.201904181610/tools/bin/../lib/gcc/arm-none-eabi/7.3.1/thumb/v7e-m/fpv4-sp/hard/crtbegin.o
                [!provide]                        PROVIDE (__fini_array_end = .)
                0x0000000008003c78                . = ALIGN (0x4)
                0x0000000008003c78                _sidata = LOADADDR (.data)

.data           0x0000000020000000        0xc load address 0x0000000008003c78
                0x0000000020000000                . = ALIGN (0x4)
                0x0000000020000000                _sdata = .
 *(.data)
 *(.data*)
 .data.SystemCoreClock
                0x0000000020000000        0x4 Core/Src/system_stm32l4xx.o
                0x0000000020000000                SystemCoreClock
 .data.uwTickPrio
                0x0000000020000004        0x4 Drivers/STM32L4xx_HAL_Driver/Src/stm32l4xx_hal.o
                0x0000000020000004                uwTickPrio
 .data.uwTickFreq
                0x0000000020000008        0x4 Drivers/STM32L4xx_HAL_Driver/Src/stm32l4xx_hal.o
                0x0000000020000008                uwTickFreq
                0x000000002000000c                . = ALIGN (0x4)
                0x000000002000000c                _edata = .

.igot.plt       0x000000002000000c        0x0 load address 0x0000000008003c84
 .igot.plt      0x000000002000000c        0x0 d:/stm32cubeide_1.3.0/stm32cubeide/plugins/com.st.stm32cube.ide.mcu.externaltools.gnu-tools-for-stm32.7-2018-q2-update.win32_1.0.0.201904181610/tools/bin/../lib/gcc/arm-none-eabi/7.3.1/thumb/v7e-m/fpv4-sp/hard/crtbegin.o
                0x000000002000000c                . = ALIGN (0x4)

.bss            0x000000002000000c      0x55c load address 0x0000000008003c84
                0x000000002000000c                _sbss = .
                0x000000002000000c                __bss_start__ = _sbss
 *(.bss)
 .bss           0x000000002000000c       0x1c d:/stm32cubeide_1.3.0/stm32cubeide/plugins/com.st.stm32cube.ide.mcu.externaltools.gnu-tools-for-stm32.7-2018-q2-update.win32_1.0.0.201904181610/tools/bin/../lib/gcc/arm-none-eabi/7.3.1/thumb/v7e-m/fpv4-sp/hard/crtbegin.o
 *(.bss*)
 .bss.uartBuffer
                0x0000000020000028       0x64 Core/Src/main.o
                0x0000000020000028                uartBuffer
 .bss.blockcounter
                0x000000002000008c        0x1 Core/Src/main.o
                0x000000002000008c                blockcounter
 *fill*         0x000000002000008d        0x3 
 .bss.SSD1306_Buffer
                0x0000000020000090      0x400 Core/Src/ssd1306.o
 .bss.SSD1306   0x0000000020000490        0x6 Core/Src/ssd1306.o
 *(COMMON)
 *fill*         0x0000000020000496        0x2 
 COMMON         0x0000000020000498       0xcc Core/Src/main.o
                0x0000000020000498                hi2c1
                0x00000000200004e4                huart2
 COMMON         0x0000000020000564        0x4 Drivers/STM32L4xx_HAL_Driver/Src/stm32l4xx_hal.o
                0x0000000020000564                uwTick
                0x0000000020000568                . = ALIGN (0x4)
                0x0000000020000568                _ebss = .
                0x0000000020000568                __bss_end__ = _ebss

._user_heap_stack
                0x0000000020000568      0x600 load address 0x0000000008003c84
                0x0000000020000568                . = ALIGN (0x8)
                0x0000000020000568                PROVIDE (end = .)
                [!provide]                        PROVIDE (_end = .)
                0x0000000020000768                . = (. + _Min_Heap_Size)
 *fill*         0x0000000020000568      0x200 
                0x0000000020000b68                . = (. + _Min_Stack_Size)
 *fill*         0x0000000020000768      0x400 
                0x0000000020000b68                . = ALIGN (0x8)

/DISCARD/
 libc.a(*)
 libm.a(*)
 libgcc.a(*)

.ARM.attributes
                0x0000000000000000       0x30
 *(.ARM.attributes)
 .ARM.attributes
                0x0000000000000000       0x22 d:/stm32cubeide_1.3.0/stm32cubeide/plugins/com.st.stm32cube.ide.mcu.externaltools.gnu-tools-for-stm32.7-2018-q2-update.win32_1.0.0.201904181610/tools/bin/../lib/gcc/arm-none-eabi/7.3.1/thumb/v7e-m/fpv4-sp/hard/crti.o
 .ARM.attributes
                0x0000000000000022       0x34 d:/stm32cubeide_1.3.0/stm32cubeide/plugins/com.st.stm32cube.ide.mcu.externaltools.gnu-tools-for-stm32.7-2018-q2-update.win32_1.0.0.201904181610/tools/bin/../lib/gcc/arm-none-eabi/7.3.1/thumb/v7e-m/fpv4-sp/hard/crtbegin.o
 .ARM.attributes
                0x0000000000000056       0x39 Core/Src/main.o
 .ARM.attributes
                0x000000000000008f       0x39 Core/Src/ssd1306.o
 .ARM.attributes
                0x00000000000000c8       0x39 Core/Src/stm32l4xx_hal_msp.o
 .ARM.attributes
                0x0000000000000101       0x39 Core/Src/stm32l4xx_it.o
 .ARM.attributes
                0x000000000000013a       0x39 Core/Src/system_stm32l4xx.o
 .ARM.attributes
                0x0000000000000173       0x21 Core/Startup/startup_stm32l432kcux.o
 .ARM.attributes
                0x0000000000000194       0x39 Drivers/STM32L4xx_HAL_Driver/Src/stm32l4xx_hal.o
 .ARM.attributes
                0x00000000000001cd       0x39 Drivers/STM32L4xx_HAL_Driver/Src/stm32l4xx_hal_cortex.o
 .ARM.attributes
                0x0000000000000206       0x39 Drivers/STM32L4xx_HAL_Driver/Src/stm32l4xx_hal_gpio.o
 .ARM.attributes
                0x000000000000023f       0x39 Drivers/STM32L4xx_HAL_Driver/Src/stm32l4xx_hal_i2c.o
 .ARM.attributes
                0x0000000000000278       0x39 Drivers/STM32L4xx_HAL_Driver/Src/stm32l4xx_hal_i2c_ex.o
 .ARM.attributes
                0x00000000000002b1       0x39 Drivers/STM32L4xx_HAL_Driver/Src/stm32l4xx_hal_pwr.o
 .ARM.attributes
                0x00000000000002ea       0x39 Drivers/STM32L4xx_HAL_Driver/Src/stm32l4xx_hal_pwr_ex.o
 .ARM.attributes
                0x0000000000000323       0x39 Drivers/STM32L4xx_HAL_Driver/Src/stm32l4xx_hal_rcc.o
 .ARM.attributes
                0x000000000000035c       0x39 Drivers/STM32L4xx_HAL_Driver/Src/stm32l4xx_hal_rcc_ex.o
 .ARM.attributes
                0x0000000000000395       0x39 Drivers/STM32L4xx_HAL_Driver/Src/stm32l4xx_hal_uart.o
 .ARM.attributes
                0x00000000000003ce       0x34 d:/stm32cubeide_1.3.0/stm32cubeide/plugins/com.st.stm32cube.ide.mcu.externaltools.gnu-tools-for-stm32.7-2018-q2-update.win32_1.0.0.201904181610/tools/bin/../lib/gcc/arm-none-eabi/7.3.1/../../../../arm-none-eabi/lib/thumb/v7e-m/fpv4-sp/hard\libc_nano.a(lib_a-init.o)
 .ARM.attributes
                0x0000000000000402       0x34 d:/stm32cubeide_1.3.0/stm32cubeide/plugins/com.st.stm32cube.ide.mcu.externaltools.gnu-tools-for-stm32.7-2018-q2-update.win32_1.0.0.201904181610/tools/bin/../lib/gcc/arm-none-eabi/7.3.1/../../../../arm-none-eabi/lib/thumb/v7e-m/fpv4-sp/hard\libc_nano.a(lib_a-memset.o)
 .ARM.attributes
                0x0000000000000436       0x1b d:/stm32cubeide_1.3.0/stm32cubeide/plugins/com.st.stm32cube.ide.mcu.externaltools.gnu-tools-for-stm32.7-2018-q2-update.win32_1.0.0.201904181610/tools/bin/../lib/gcc/arm-none-eabi/7.3.1/../../../../arm-none-eabi/lib/thumb/v7e-m/fpv4-sp/hard\libc_nano.a(lib_a-strlen.o)
 .ARM.attributes
                0x0000000000000451       0x22 d:/stm32cubeide_1.3.0/stm32cubeide/plugins/com.st.stm32cube.ide.mcu.externaltools.gnu-tools-for-stm32.7-2018-q2-update.win32_1.0.0.201904181610/tools/bin/../lib/gcc/arm-none-eabi/7.3.1/thumb/v7e-m/fpv4-sp/hard\libgcc.a(_aeabi_uldivmod.o)
 .ARM.attributes
                0x0000000000000473       0x34 d:/stm32cubeide_1.3.0/stm32cubeide/plugins/com.st.stm32cube.ide.mcu.externaltools.gnu-tools-for-stm32.7-2018-q2-update.win32_1.0.0.201904181610/tools/bin/../lib/gcc/arm-none-eabi/7.3.1/thumb/v7e-m/fpv4-sp/hard\libgcc.a(_udivmoddi4.o)
 .ARM.attributes
                0x00000000000004a7       0x22 d:/stm32cubeide_1.3.0/stm32cubeide/plugins/com.st.stm32cube.ide.mcu.externaltools.gnu-tools-for-stm32.7-2018-q2-update.win32_1.0.0.201904181610/tools/bin/../lib/gcc/arm-none-eabi/7.3.1/thumb/v7e-m/fpv4-sp/hard\libgcc.a(_dvmd_tls.o)
 .ARM.attributes
                0x00000000000004c9       0x22 d:/stm32cubeide_1.3.0/stm32cubeide/plugins/com.st.stm32cube.ide.mcu.externaltools.gnu-tools-for-stm32.7-2018-q2-update.win32_1.0.0.201904181610/tools/bin/../lib/gcc/arm-none-eabi/7.3.1/thumb/v7e-m/fpv4-sp/hard/crtn.o
OUTPUT(stm32L432KC_SSD1306.elf elf32-littlearm)

.debug_info     0x0000000000000000     0xd957
 .debug_info    0x0000000000000000     0x1e61 Core/Src/main.o
 .debug_info    0x0000000000001e61      0xa7b Core/Src/ssd1306.o
 .debug_info    0x00000000000028dc      0xed8 Core/Src/stm32l4xx_hal_msp.o
 .debug_info    0x00000000000037b4      0x318 Core/Src/stm32l4xx_it.o
 .debug_info    0x0000000000003acc      0x703 Core/Src/system_stm32l4xx.o
 .debug_info    0x00000000000041cf       0x22 Core/Startup/startup_stm32l432kcux.o
 .debug_info    0x00000000000041f1      0xa91 Drivers/STM32L4xx_HAL_Driver/Src/stm32l4xx_hal.o
 .debug_info    0x0000000000004c82      0xebe Drivers/STM32L4xx_HAL_Driver/Src/stm32l4xx_hal_cortex.o
 .debug_info    0x0000000000005b40      0x982 Drivers/STM32L4xx_HAL_Driver/Src/stm32l4xx_hal_gpio.o
 .debug_info    0x00000000000064c2     0x205c Drivers/STM32L4xx_HAL_Driver/Src/stm32l4xx_hal_i2c.o
 .debug_info    0x000000000000851e      0xb4e Drivers/STM32L4xx_HAL_Driver/Src/stm32l4xx_hal_i2c_ex.o
 .debug_info    0x000000000000906c      0xa6d Drivers/STM32L4xx_HAL_Driver/Src/stm32l4xx_hal_pwr.o
 .debug_info    0x0000000000009ad9      0xa80 Drivers/STM32L4xx_HAL_Driver/Src/stm32l4xx_hal_pwr_ex.o
 .debug_info    0x000000000000a559      0xcad Drivers/STM32L4xx_HAL_Driver/Src/stm32l4xx_hal_rcc.o
 .debug_info    0x000000000000b206      0xfce Drivers/STM32L4xx_HAL_Driver/Src/stm32l4xx_hal_rcc_ex.o
 .debug_info    0x000000000000c1d4     0x1783 Drivers/STM32L4xx_HAL_Driver/Src/stm32l4xx_hal_uart.o

.debug_abbrev   0x0000000000000000     0x1cda
 .debug_abbrev  0x0000000000000000      0x2c0 Core/Src/main.o
 .debug_abbrev  0x00000000000002c0      0x1e9 Core/Src/ssd1306.o
 .debug_abbrev  0x00000000000004a9      0x197 Core/Src/stm32l4xx_hal_msp.o
 .debug_abbrev  0x0000000000000640       0xe2 Core/Src/stm32l4xx_it.o
 .debug_abbrev  0x0000000000000722      0x150 Core/Src/system_stm32l4xx.o
 .debug_abbrev  0x0000000000000872       0x12 Core/Startup/startup_stm32l432kcux.o
 .debug_abbrev  0x0000000000000884      0x1e1 Drivers/STM32L4xx_HAL_Driver/Src/stm32l4xx_hal.o
 .debug_abbrev  0x0000000000000a65      0x2fa Drivers/STM32L4xx_HAL_Driver/Src/stm32l4xx_hal_cortex.o
 .debug_abbrev  0x0000000000000d5f      0x1c0 Drivers/STM32L4xx_HAL_Driver/Src/stm32l4xx_hal_gpio.o
 .debug_abbrev  0x0000000000000f1f      0x22a Drivers/STM32L4xx_HAL_Driver/Src/stm32l4xx_hal_i2c.o
 .debug_abbrev  0x0000000000001149      0x1b9 Drivers/STM32L4xx_HAL_Driver/Src/stm32l4xx_hal_i2c_ex.o
 .debug_abbrev  0x0000000000001302      0x18b Drivers/STM32L4xx_HAL_Driver/Src/stm32l4xx_hal_pwr.o
 .debug_abbrev  0x000000000000148d      0x1cb Drivers/STM32L4xx_HAL_Driver/Src/stm32l4xx_hal_pwr_ex.o
 .debug_abbrev  0x0000000000001658      0x245 Drivers/STM32L4xx_HAL_Driver/Src/stm32l4xx_hal_rcc.o
 .debug_abbrev  0x000000000000189d      0x238 Drivers/STM32L4xx_HAL_Driver/Src/stm32l4xx_hal_rcc_ex.o
 .debug_abbrev  0x0000000000001ad5      0x205 Drivers/STM32L4xx_HAL_Driver/Src/stm32l4xx_hal_uart.o

.debug_aranges  0x0000000000000000      0xc40
 .debug_aranges
                0x0000000000000000       0x78 Core/Src/main.o
 .debug_aranges
                0x0000000000000078       0x68 Core/Src/ssd1306.o
 .debug_aranges
                0x00000000000000e0       0x40 Core/Src/stm32l4xx_hal_msp.o
 .debug_aranges
                0x0000000000000120       0x60 Core/Src/stm32l4xx_it.o
 .debug_aranges
                0x0000000000000180       0x28 Core/Src/system_stm32l4xx.o
 .debug_aranges
                0x00000000000001a8       0x28 Core/Startup/startup_stm32l432kcux.o
 .debug_aranges
                0x00000000000001d0      0x108 Drivers/STM32L4xx_HAL_Driver/Src/stm32l4xx_hal.o
 .debug_aranges
                0x00000000000002d8      0x118 Drivers/STM32L4xx_HAL_Driver/Src/stm32l4xx_hal_cortex.o
 .debug_aranges
                0x00000000000003f0       0x58 Drivers/STM32L4xx_HAL_Driver/Src/stm32l4xx_hal_gpio.o
 .debug_aranges
                0x0000000000000448      0x288 Drivers/STM32L4xx_HAL_Driver/Src/stm32l4xx_hal_i2c.o
 .debug_aranges
                0x00000000000006d0       0x48 Drivers/STM32L4xx_HAL_Driver/Src/stm32l4xx_hal_i2c_ex.o
 .debug_aranges
                0x0000000000000718       0x98 Drivers/STM32L4xx_HAL_Driver/Src/stm32l4xx_hal_pwr.o
 .debug_aranges
                0x00000000000007b0      0x120 Drivers/STM32L4xx_HAL_Driver/Src/stm32l4xx_hal_pwr_ex.o
 .debug_aranges
                0x00000000000008d0       0x88 Drivers/STM32L4xx_HAL_Driver/Src/stm32l4xx_hal_rcc.o
 .debug_aranges
                0x0000000000000958       0xf0 Drivers/STM32L4xx_HAL_Driver/Src/stm32l4xx_hal_rcc_ex.o
 .debug_aranges
                0x0000000000000a48      0x1f8 Drivers/STM32L4xx_HAL_Driver/Src/stm32l4xx_hal_uart.o

.debug_ranges   0x0000000000000000      0xb48
 .debug_ranges  0x0000000000000000       0x68 Core/Src/main.o
 .debug_ranges  0x0000000000000068       0x58 Core/Src/ssd1306.o
 .debug_ranges  0x00000000000000c0       0x30 Core/Src/stm32l4xx_hal_msp.o
 .debug_ranges  0x00000000000000f0       0x50 Core/Src/stm32l4xx_it.o
 .debug_ranges  0x0000000000000140       0x18 Core/Src/system_stm32l4xx.o
 .debug_ranges  0x0000000000000158       0x20 Core/Startup/startup_stm32l432kcux.o
 .debug_ranges  0x0000000000000178       0xf8 Drivers/STM32L4xx_HAL_Driver/Src/stm32l4xx_hal.o
 .debug_ranges  0x0000000000000270      0x108 Drivers/STM32L4xx_HAL_Driver/Src/stm32l4xx_hal_cortex.o
 .debug_ranges  0x0000000000000378       0x48 Drivers/STM32L4xx_HAL_Driver/Src/stm32l4xx_hal_gpio.o
 .debug_ranges  0x00000000000003c0      0x278 Drivers/STM32L4xx_HAL_Driver/Src/stm32l4xx_hal_i2c.o
 .debug_ranges  0x0000000000000638       0x38 Drivers/STM32L4xx_HAL_Driver/Src/stm32l4xx_hal_i2c_ex.o
 .debug_ranges  0x0000000000000670       0x88 Drivers/STM32L4xx_HAL_Driver/Src/stm32l4xx_hal_pwr.o
 .debug_ranges  0x00000000000006f8      0x110 Drivers/STM32L4xx_HAL_Driver/Src/stm32l4xx_hal_pwr_ex.o
 .debug_ranges  0x0000000000000808       0x78 Drivers/STM32L4xx_HAL_Driver/Src/stm32l4xx_hal_rcc.o
 .debug_ranges  0x0000000000000880       0xe0 Drivers/STM32L4xx_HAL_Driver/Src/stm32l4xx_hal_rcc_ex.o
 .debug_ranges  0x0000000000000960      0x1e8 Drivers/STM32L4xx_HAL_Driver/Src/stm32l4xx_hal_uart.o

.debug_macro    0x0000000000000000    0x20293
 .debug_macro   0x0000000000000000      0x3b4 Core/Src/main.o
 .debug_macro   0x00000000000003b4      0xa5a Core/Src/main.o
 .debug_macro   0x0000000000000e0e       0xba Core/Src/main.o
 .debug_macro   0x0000000000000ec8       0x2e Core/Src/main.o
 .debug_macro   0x0000000000000ef6       0x28 Core/Src/main.o
 .debug_macro   0x0000000000000f1e       0x22 Core/Src/main.o
 .debug_macro   0x0000000000000f40       0x8e Core/Src/main.o
 .debug_macro   0x0000000000000fce       0x51 Core/Src/main.o
 .debug_macro   0x000000000000101f       0xef Core/Src/main.o
 .debug_macro   0x000000000000110e       0x6a Core/Src/main.o
 .debug_macro   0x0000000000001178      0x1df Core/Src/main.o
 .debug_macro   0x0000000000001357       0x1c Core/Src/main.o
 .debug_macro   0x0000000000001373       0x22 Core/Src/main.o
 .debug_macro   0x0000000000001395       0xdf Core/Src/main.o
 .debug_macro   0x0000000000001474     0x102d Core/Src/main.o
 .debug_macro   0x00000000000024a1      0x11f Core/Src/main.o
 .debug_macro   0x00000000000025c0    0x14760 Core/Src/main.o
 .debug_macro   0x0000000000016d20       0x43 Core/Src/main.o
 .debug_macro   0x0000000000016d63     0x3820 Core/Src/main.o
 .debug_macro   0x000000000001a583      0x174 Core/Src/main.o
 .debug_macro   0x000000000001a6f7       0x5a Core/Src/main.o
 .debug_macro   0x000000000001a751     0x118b Core/Src/main.o
 .debug_macro   0x000000000001b8dc      0x535 Core/Src/main.o
 .debug_macro   0x000000000001be11      0x241 Core/Src/main.o
 .debug_macro   0x000000000001c052      0x13d Core/Src/main.o
 .debug_macro   0x000000000001c18f      0x122 Core/Src/main.o
 .debug_macro   0x000000000001c2b1      0x26b Core/Src/main.o
 .debug_macro   0x000000000001c51c      0x236 Core/Src/main.o
 .debug_macro   0x000000000001c752      0x367 Core/Src/main.o
 .debug_macro   0x000000000001cab9       0xe4 Core/Src/main.o
 .debug_macro   0x000000000001cb9d      0x22c Core/Src/main.o
 .debug_macro   0x000000000001cdc9       0x5e Core/Src/main.o
 .debug_macro   0x000000000001ce27       0xa5 Core/Src/main.o
 .debug_macro   0x000000000001cecc      0x122 Core/Src/main.o
 .debug_macro   0x000000000001cfee      0x342 Core/Src/main.o
 .debug_macro   0x000000000001d330      0x57b Core/Src/main.o
 .debug_macro   0x000000000001d8ab       0x44 Core/Src/main.o
 .debug_macro   0x000000000001d8ef      0x239 Core/Src/main.o
 .debug_macro   0x000000000001db28       0x4c Core/Src/main.o
 .debug_macro   0x000000000001db74       0x4c Core/Src/main.o
 .debug_macro   0x000000000001dbc0       0x46 Core/Src/main.o
 .debug_macro   0x000000000001dc06       0x18 Core/Src/main.o
 .debug_macro   0x000000000001dc1e       0x3c Core/Src/main.o
 .debug_macro   0x000000000001dc5a       0x34 Core/Src/main.o
 .debug_macro   0x000000000001dc8e       0x52 Core/Src/main.o
 .debug_macro   0x000000000001dce0       0x1f Core/Src/main.o
 .debug_macro   0x000000000001dcff       0x43 Core/Src/main.o
 .debug_macro   0x000000000001dd42       0x20 Core/Src/main.o
 .debug_macro   0x000000000001dd62      0x1a3 Core/Src/main.o
 .debug_macro   0x000000000001df05      0x32a Core/Src/main.o
 .debug_macro   0x000000000001e22f       0x10 Core/Src/main.o
 .debug_macro   0x000000000001e23f       0x35 Core/Src/main.o
 .debug_macro   0x000000000001e274       0x20 Core/Src/main.o
 .debug_macro   0x000000000001e294       0x1c Core/Src/main.o
 .debug_macro   0x000000000001e2b0       0x10 Core/Src/main.o
 .debug_macro   0x000000000001e2c0       0x10 Core/Src/main.o
 .debug_macro   0x000000000001e2d0       0x1c Core/Src/main.o
 .debug_macro   0x000000000001e2ec       0x52 Core/Src/main.o
 .debug_macro   0x000000000001e33e       0x40 Core/Src/main.o
 .debug_macro   0x000000000001e37e       0x10 Core/Src/main.o
 .debug_macro   0x000000000001e38e       0x40 Core/Src/main.o
 .debug_macro   0x000000000001e3ce       0xd7 Core/Src/main.o
 .debug_macro   0x000000000001e4a5       0x1c Core/Src/main.o
 .debug_macro   0x000000000001e4c1       0x3d Core/Src/main.o
 .debug_macro   0x000000000001e4fe       0x16 Core/Src/main.o
 .debug_macro   0x000000000001e514      0x145 Core/Src/main.o
 .debug_macro   0x000000000001e659       0x22 Core/Src/main.o
 .debug_macro   0x000000000001e67b      0x1ee Core/Src/ssd1306.o
 .debug_macro   0x000000000001e869      0x1e4 Core/Src/stm32l4xx_hal_msp.o
 .debug_macro   0x000000000001ea4d      0x1ee Core/Src/stm32l4xx_it.o
 .debug_macro   0x000000000001ec3b      0x1db Core/Src/system_stm32l4xx.o
 .debug_macro   0x000000000001ee16      0x21d Drivers/STM32L4xx_HAL_Driver/Src/stm32l4xx_hal.o
 .debug_macro   0x000000000001f033      0x1d5 Drivers/STM32L4xx_HAL_Driver/Src/stm32l4xx_hal_cortex.o
 .debug_macro   0x000000000001f208      0x214 Drivers/STM32L4xx_HAL_Driver/Src/stm32l4xx_hal_gpio.o
 .debug_macro   0x000000000001f41c      0x29a Drivers/STM32L4xx_HAL_Driver/Src/stm32l4xx_hal_i2c.o
 .debug_macro   0x000000000001f6b6      0x1d5 Drivers/STM32L4xx_HAL_Driver/Src/stm32l4xx_hal_i2c_ex.o
 .debug_macro   0x000000000001f88b      0x1ed Drivers/STM32L4xx_HAL_Driver/Src/stm32l4xx_hal_pwr.o
 .debug_macro   0x000000000001fa78      0x1f9 Drivers/STM32L4xx_HAL_Driver/Src/stm32l4xx_hal_pwr_ex.o
 .debug_macro   0x000000000001fc71      0x217 Drivers/STM32L4xx_HAL_Driver/Src/stm32l4xx_hal_rcc.o
 .debug_macro   0x000000000001fe88      0x20b Drivers/STM32L4xx_HAL_Driver/Src/stm32l4xx_hal_rcc_ex.o
 .debug_macro   0x0000000000020093      0x200 Drivers/STM32L4xx_HAL_Driver/Src/stm32l4xx_hal_uart.o

.debug_line     0x0000000000000000     0xa071
 .debug_line    0x0000000000000000      0xb5d Core/Src/main.o
 .debug_line    0x0000000000000b5d      0x82e Core/Src/ssd1306.o
 .debug_line    0x000000000000138b      0x734 Core/Src/stm32l4xx_hal_msp.o
 .debug_line    0x0000000000001abf      0x774 Core/Src/stm32l4xx_it.o
 .debug_line    0x0000000000002233      0x6fb Core/Src/system_stm32l4xx.o
 .debug_line    0x000000000000292e       0x85 Core/Startup/startup_stm32l432kcux.o
 .debug_line    0x00000000000029b3      0x90e Drivers/STM32L4xx_HAL_Driver/Src/stm32l4xx_hal.o
 .debug_line    0x00000000000032c1      0x9f9 Drivers/STM32L4xx_HAL_Driver/Src/stm32l4xx_hal_cortex.o
 .debug_line    0x0000000000003cba      0x839 Drivers/STM32L4xx_HAL_Driver/Src/stm32l4xx_hal_gpio.o
 .debug_line    0x00000000000044f3     0x1a46 Drivers/STM32L4xx_HAL_Driver/Src/stm32l4xx_hal_i2c.o
 .debug_line    0x0000000000005f39      0x814 Drivers/STM32L4xx_HAL_Driver/Src/stm32l4xx_hal_i2c_ex.o
 .debug_line    0x000000000000674d      0x80b Drivers/STM32L4xx_HAL_Driver/Src/stm32l4xx_hal_pwr.o
 .debug_line    0x0000000000006f58      0x9e5 Drivers/STM32L4xx_HAL_Driver/Src/stm32l4xx_hal_pwr_ex.o
 .debug_line    0x000000000000793d      0x9e4 Drivers/STM32L4xx_HAL_Driver/Src/stm32l4xx_hal_rcc.o
 .debug_line    0x0000000000008321      0xbe6 Drivers/STM32L4xx_HAL_Driver/Src/stm32l4xx_hal_rcc_ex.o
 .debug_line    0x0000000000008f07     0x116a Drivers/STM32L4xx_HAL_Driver/Src/stm32l4xx_hal_uart.o

.debug_str      0x0000000000000000    0xc1160
 .debug_str     0x0000000000000000    0xbdb00 Core/Src/main.o
                                      0xbdf30 (size before relaxing)
 .debug_str     0x00000000000bdb00      0x13b Core/Src/ssd1306.o
                                      0xb9471 (size before relaxing)
 .debug_str     0x00000000000bdc3b       0x7d Core/Src/stm32l4xx_hal_msp.o
                                      0xb96a5 (size before relaxing)
 .debug_str     0x00000000000bdcb8       0xbd Core/Src/stm32l4xx_it.o
                                      0xb8ecd (size before relaxing)
 .debug_str     0x00000000000bdd75       0xcd Core/Src/system_stm32l4xx.o
                                      0xb8f24 (size before relaxing)
 .debug_str     0x00000000000bde42       0x36 Core/Startup/startup_stm32l432kcux.o
                                         0x6f (size before relaxing)
 .debug_str     0x00000000000bde78      0x841 Drivers/STM32L4xx_HAL_Driver/Src/stm32l4xx_hal.o
                                      0xb97f5 (size before relaxing)
 .debug_str     0x00000000000be6b9      0x392 Drivers/STM32L4xx_HAL_Driver/Src/stm32l4xx_hal_cortex.o
                                      0xb965e (size before relaxing)
 .debug_str     0x00000000000bea4b      0x236 Drivers/STM32L4xx_HAL_Driver/Src/stm32l4xx_hal_gpio.o
                                      0xb919e (size before relaxing)
 .debug_str     0x00000000000bec81      0xcfd Drivers/STM32L4xx_HAL_Driver/Src/stm32l4xx_hal_i2c.o
                                      0xb9fdf (size before relaxing)
 .debug_str     0x00000000000bf97e       0xb8 Drivers/STM32L4xx_HAL_Driver/Src/stm32l4xx_hal_i2c_ex.o
                                      0xb942d (size before relaxing)
 .debug_str     0x00000000000bfa36      0x2d9 Drivers/STM32L4xx_HAL_Driver/Src/stm32l4xx_hal_pwr.o
                                      0xb921a (size before relaxing)
 .debug_str     0x00000000000bfd0f      0x3cf Drivers/STM32L4xx_HAL_Driver/Src/stm32l4xx_hal_pwr_ex.o
                                      0xb939a (size before relaxing)
 .debug_str     0x00000000000c00de      0x38a Drivers/STM32L4xx_HAL_Driver/Src/stm32l4xx_hal_rcc.o
                                      0xb94a0 (size before relaxing)
 .debug_str     0x00000000000c0468      0x51f Drivers/STM32L4xx_HAL_Driver/Src/stm32l4xx_hal_rcc_ex.o
                                      0xb9718 (size before relaxing)
 .debug_str     0x00000000000c0987      0x7d9 Drivers/STM32L4xx_HAL_Driver/Src/stm32l4xx_hal_uart.o
                                      0xb9a7d (size before relaxing)

.comment        0x0000000000000000       0x7b
 .comment       0x0000000000000000       0x7b Core/Src/main.o
                                         0x7c (size before relaxing)
 .comment       0x000000000000007b       0x7c Core/Src/ssd1306.o
 .comment       0x000000000000007b       0x7c Core/Src/stm32l4xx_hal_msp.o
 .comment       0x000000000000007b       0x7c Core/Src/stm32l4xx_it.o
 .comment       0x000000000000007b       0x7c Core/Src/system_stm32l4xx.o
 .comment       0x000000000000007b       0x7c Drivers/STM32L4xx_HAL_Driver/Src/stm32l4xx_hal.o
 .comment       0x000000000000007b       0x7c Drivers/STM32L4xx_HAL_Driver/Src/stm32l4xx_hal_cortex.o
 .comment       0x000000000000007b       0x7c Drivers/STM32L4xx_HAL_Driver/Src/stm32l4xx_hal_gpio.o
 .comment       0x000000000000007b       0x7c Drivers/STM32L4xx_HAL_Driver/Src/stm32l4xx_hal_i2c.o
 .comment       0x000000000000007b       0x7c Drivers/STM32L4xx_HAL_Driver/Src/stm32l4xx_hal_i2c_ex.o
 .comment       0x000000000000007b       0x7c Drivers/STM32L4xx_HAL_Driver/Src/stm32l4xx_hal_pwr.o
 .comment       0x000000000000007b       0x7c Drivers/STM32L4xx_HAL_Driver/Src/stm32l4xx_hal_pwr_ex.o
 .comment       0x000000000000007b       0x7c Drivers/STM32L4xx_HAL_Driver/Src/stm32l4xx_hal_rcc.o
 .comment       0x000000000000007b       0x7c Drivers/STM32L4xx_HAL_Driver/Src/stm32l4xx_hal_rcc_ex.o
 .comment       0x000000000000007b       0x7c Drivers/STM32L4xx_HAL_Driver/Src/stm32l4xx_hal_uart.o

.debug_frame    0x0000000000000000     0x3204
 .debug_frame   0x0000000000000000      0x1bc Core/Src/main.o
 .debug_frame   0x00000000000001bc      0x17c Core/Src/ssd1306.o
 .debug_frame   0x0000000000000338       0xc8 Core/Src/stm32l4xx_hal_msp.o
 .debug_frame   0x0000000000000400      0x10c Core/Src/stm32l4xx_it.o
 .debug_frame   0x000000000000050c       0x58 Core/Src/system_stm32l4xx.o
 .debug_frame   0x0000000000000564      0x3dc Drivers/STM32L4xx_HAL_Driver/Src/stm32l4xx_hal.o
 .debug_frame   0x0000000000000940      0x498 Drivers/STM32L4xx_HAL_Driver/Src/stm32l4xx_hal_cortex.o
 .debug_frame   0x0000000000000dd8      0x14c Drivers/STM32L4xx_HAL_Driver/Src/stm32l4xx_hal_gpio.o
 .debug_frame   0x0000000000000f24      0xbc0 Drivers/STM32L4xx_HAL_Driver/Src/stm32l4xx_hal_i2c.o
 .debug_frame   0x0000000000001ae4      0x100 Drivers/STM32L4xx_HAL_Driver/Src/stm32l4xx_hal_i2c_ex.o
 .debug_frame   0x0000000000001be4      0x230 Drivers/STM32L4xx_HAL_Driver/Src/stm32l4xx_hal_pwr.o
 .debug_frame   0x0000000000001e14      0x484 Drivers/STM32L4xx_HAL_Driver/Src/stm32l4xx_hal_pwr_ex.o
 .debug_frame   0x0000000000002298      0x1f4 Drivers/STM32L4xx_HAL_Driver/Src/stm32l4xx_hal_rcc.o
 .debug_frame   0x000000000000248c      0x3d0 Drivers/STM32L4xx_HAL_Driver/Src/stm32l4xx_hal_rcc_ex.o
 .debug_frame   0x000000000000285c      0x8fc Drivers/STM32L4xx_HAL_Driver/Src/stm32l4xx_hal_uart.o
 .debug_frame   0x0000000000003158       0x2c d:/stm32cubeide_1.3.0/stm32cubeide/plugins/com.st.stm32cube.ide.mcu.externaltools.gnu-tools-for-stm32.7-2018-q2-update.win32_1.0.0.201904181610/tools/bin/../lib/gcc/arm-none-eabi/7.3.1/../../../../arm-none-eabi/lib/thumb/v7e-m/fpv4-sp/hard\libc_nano.a(lib_a-init.o)
 .debug_frame   0x0000000000003184       0x20 d:/stm32cubeide_1.3.0/stm32cubeide/plugins/com.st.stm32cube.ide.mcu.externaltools.gnu-tools-for-stm32.7-2018-q2-update.win32_1.0.0.201904181610/tools/bin/../lib/gcc/arm-none-eabi/7.3.1/../../../../arm-none-eabi/lib/thumb/v7e-m/fpv4-sp/hard\libc_nano.a(lib_a-memset.o)
 .debug_frame   0x00000000000031a4       0x2c d:/stm32cubeide_1.3.0/stm32cubeide/plugins/com.st.stm32cube.ide.mcu.externaltools.gnu-tools-for-stm32.7-2018-q2-update.win32_1.0.0.201904181610/tools/bin/../lib/gcc/arm-none-eabi/7.3.1/thumb/v7e-m/fpv4-sp/hard\libgcc.a(_aeabi_uldivmod.o)
 .debug_frame   0x00000000000031d0       0x34 d:/stm32cubeide_1.3.0/stm32cubeide/plugins/com.st.stm32cube.ide.mcu.externaltools.gnu-tools-for-stm32.7-2018-q2-update.win32_1.0.0.201904181610/tools/bin/../lib/gcc/arm-none-eabi/7.3.1/thumb/v7e-m/fpv4-sp/hard\libgcc.a(_udivmoddi4.o)
